10:11:49 Watchdog started
10:11:50 Restart keep-localdb-alive.ps1
10:47:43 Watchdog started
2026-09-05 10:53:21 Watchdog started
2026-09-05 10:57:19 Heartbeat OK procs=5/5
2026-09-05 11:01:24 Heartbeat OK procs=5/5
2026-09-05 11:05:30 Heartbeat OK procs=5/5
2026-09-05 11:09:36 Heartbeat OK procs=5/5
2026-09-05 11:13:42 Heartbeat OK procs=5/5
2026-09-05 11:17:48 Heartbeat OK procs=5/5
2026-09-05 11:21:55 Heartbeat OK procs=5/5
2026-09-05 11:26:01 Heartbeat OK procs=5/5
2026-09-05 11:30:07 Heartbeat OK procs=5/5
2026-09-05 11:34:14 Heartbeat OK procs=5/5
2026-09-05 11:38:22 Heartbeat OK procs=5/5
2026-09-05 11:42:28 Heartbeat OK procs=5/5
2026-09-05 11:46:34 Heartbeat OK procs=5/5
2026-09-05 11:50:41 Heartbeat OK procs=5/5
2026-09-05 11:54:48 Heartbeat OK procs=5/5
2026-09-05 11:58:54 Heartbeat OK procs=5/5
2026-09-05 12:03:01 Heartbeat OK procs=5/5
2026-09-05 12:07:07 Heartbeat OK procs=5/5
2026-09-05 12:09:10 Restart GameServer
2026-09-05 12:09:21 Restart ConnectServer
2026-09-05 12:09:23 Restart GameServer
2026-09-05 12:09:25 Restart StartAntiServer
2026-09-05 12:09:35 Restart JoinServer
2026-09-05 12:09:37 Restart ConnectServer
2026-09-05 12:09:39 Restart GameServer
2026-09-05 12:09:41 Restart StartAntiServer
2026-09-05 12:11:31 Heartbeat OK procs=5/5
2026-09-05 12:15:54 Heartbeat OK procs=5/5
2026-09-05 12:20:25 Heartbeat OK procs=5/5
2026-09-05 12:24:39 Heartbeat OK procs=5/5
2026-09-05 12:28:52 Heartbeat OK procs=5/5
2026-09-05 12:33:05 Heartbeat OK procs=5/5
2026-09-05 12:37:19 Heartbeat OK procs=5/5
2026-09-05 12:41:31 Heartbeat OK procs=5/5
2026-09-05 12:45:44 Heartbeat OK procs=5/5
2026-09-05 12:49:56 Heartbeat OK procs=5/5
2026-09-05 12:54:07 Heartbeat OK procs=5/5
2026-09-05 12:58:17 Heartbeat OK procs=5/5
2026-09-05 13:02:28 Heartbeat OK procs=5/5
2026-09-05 13:06:39 Heartbeat OK procs=5/5
2026-09-05 13:10:49 Heartbeat OK procs=5/5
2026-09-05 13:15:00 Heartbeat OK procs=5/5
2026-09-05 13:19:11 Heartbeat OK procs=5/5
2026-09-05 13:23:23 Heartbeat OK procs=5/5
2026-09-05 13:27:33 Heartbeat OK procs=5/5
2026-09-05 13:31:44 Heartbeat OK procs=5/5
2026-09-05 13:35:55 Heartbeat OK procs=5/5
2026-09-05 13:40:06 Heartbeat OK procs=5/5
2026-09-05 13:44:17 Heartbeat OK procs=5/5
2026-09-05 13:48:28 Heartbeat OK procs=5/5
2026-09-05 13:52:39 Heartbeat OK procs=5/5
2026-09-05 13:56:50 Heartbeat OK procs=5/5
2026-09-05 14:01:01 Heartbeat OK procs=5/5
2026-09-05 14:05:12 Heartbeat OK procs=5/5
2026-09-05 14:09:23 Heartbeat OK procs=5/5
2026-09-05 14:13:34 Heartbeat OK procs=5/5
2026-09-05 14:17:45 Heartbeat OK procs=5/5
2026-09-05 14:21:56 Heartbeat OK procs=5/5
2026-09-05 14:26:07 Heartbeat OK procs=5/5
2026-09-05 14:30:18 Heartbeat OK procs=5/5
2026-09-05 14:34:29 Heartbeat OK procs=5/5
2026-09-05 14:38:40 Heartbeat OK procs=5/5
2026-09-05 14:42:51 Heartbeat OK procs=5/5
2026-09-05 14:47:03 Heartbeat OK procs=5/5
2026-09-05 14:51:14 Heartbeat OK procs=5/5
2026-09-05 14:55:25 Heartbeat OK procs=5/5
2026-09-05 14:59:36 Heartbeat OK procs=5/5
2026-09-05 15:03:48 Heartbeat OK procs=5/5
2026-09-05 15:07:59 Heartbeat OK procs=5/5
2026-09-05 15:12:10 Heartbeat OK procs=5/5
2026-09-05 15:16:21 Heartbeat OK procs=5/5
2026-09-05 15:20:33 Heartbeat OK procs=5/5
2026-09-05 15:24:43 Heartbeat OK procs=5/5
2026-09-05 15:28:55 Heartbeat OK procs=5/5
2026-09-05 15:33:07 Heartbeat OK procs=5/5
2026-09-05 15:37:18 Heartbeat OK procs=5/5
2026-09-05 15:41:29 Heartbeat OK procs=5/5
2026-09-05 15:45:40 Heartbeat OK procs=5/5
2026-09-05 15:49:52 Heartbeat OK procs=5/5
2026-09-05 15:54:03 Heartbeat OK procs=5/5
2026-09-05 15:58:14 Heartbeat OK procs=5/5
2026-09-05 16:02:26 Heartbeat OK procs=5/5
2026-09-05 16:06:37 Heartbeat OK procs=5/5
2026-09-05 16:10:48 Heartbeat OK procs=5/5
2026-09-05 16:14:59 Heartbeat OK procs=5/5
2026-09-05 16:19:10 Heartbeat OK procs=5/5
2026-09-05 16:23:21 Heartbeat OK procs=5/5
2026-09-05 16:27:32 Heartbeat OK procs=5/5
2026-09-05 16:31:43 Heartbeat OK procs=5/5
2026-09-05 16:35:55 Heartbeat OK procs=5/5
2026-09-05 16:40:06 Heartbeat OK procs=5/5
2026-09-05 16:44:16 Heartbeat OK procs=5/5
2026-09-05 16:48:27 Heartbeat OK procs=5/5
2026-09-05 16:52:37 Heartbeat OK procs=5/5
2026-09-05 16:56:48 Heartbeat OK procs=5/5
2026-09-05 17:01:00 Heartbeat OK procs=5/5
2026-09-05 17:05:11 Heartbeat OK procs=5/5
2026-09-05 17:09:22 Heartbeat OK procs=5/5
2026-09-05 17:13:32 Heartbeat OK procs=5/5
2026-09-05 17:17:43 Heartbeat OK procs=5/5
2026-09-05 17:21:54 Heartbeat OK procs=5/5
2026-09-05 17:26:04 Heartbeat OK procs=5/5
2026-09-05 17:30:17 Heartbeat OK procs=5/5
2026-09-05 17:34:30 Heartbeat OK procs=5/5
2026-09-05 17:38:50 Heartbeat OK procs=5/5
2026-09-05 17:40:08 Restart GameServer
2026-09-05 17:40:10 Restart StartAntiServer
2026-09-05 19:05:51 Watchdog started
2026-09-05 19:09:44 Heartbeat OK procs=5/5
2026-09-05 19:13:45 Heartbeat OK procs=5/5
2026-09-05 19:17:46 Heartbeat OK procs=5/5
2026-09-05 19:21:47 Heartbeat OK procs=5/5
2026-09-05 19:25:48 Heartbeat OK procs=5/5
2026-09-05 19:29:49 Heartbeat OK procs=5/5
2026-09-05 19:33:50 Heartbeat OK procs=5/5
2026-09-05 19:37:51 Heartbeat OK procs=5/5
2026-09-05 19:41:52 Heartbeat OK procs=5/5
2026-09-05 19:45:53 Heartbeat OK procs=5/5
2026-09-05 19:49:54 Heartbeat OK procs=5/5
2026-09-05 19:53:55 Heartbeat OK procs=5/5
2026-09-05 19:57:56 Heartbeat OK procs=5/5
2026-09-05 20:01:57 Heartbeat OK procs=5/5
2026-09-05 20:05:58 Heartbeat OK procs=5/5
2026-09-05 20:09:59 Heartbeat OK procs=5/5
2026-09-05 20:10:07 Restart GameServer
2026-09-05 20:14:02 Heartbeat OK procs=5/5
2026-09-05 22:14:23 Watchdog started
2026-09-05 22:18:49 Watchdog started
2026-09-05 22:21:09 Watchdog started
2026-09-05 22:25:02 Heartbeat OK procs=5/5
2026-09-05 22:29:03 Heartbeat OK procs=5/5
2026-09-05 22:33:04 Heartbeat OK procs=5/5
2026-09-05 22:37:05 Heartbeat OK procs=5/5
2026-09-05 22:41:06 Heartbeat OK procs=5/5
2026-09-05 22:45:07 Heartbeat OK procs=5/5
2026-09-05 22:49:09 Heartbeat OK procs=5/5
2026-09-05 22:53:10 Heartbeat OK procs=5/5
2026-09-05 22:57:11 Heartbeat OK procs=5/5
2026-09-05 23:01:12 Heartbeat OK procs=5/5
2026-09-05 23:05:13 Heartbeat OK procs=5/5
2026-09-05 23:09:15 Heartbeat OK procs=5/5
2026-09-05 23:13:16 Heartbeat OK procs=5/5
2026-09-05 23:17:17 Heartbeat OK procs=5/5
2026-09-05 23:17:49 Restart GameServer
2026-09-05 23:20:08 Restart GameServer
2026-09-05 23:21:22 Heartbeat OK procs=5/5
2026-09-05 23:25:24 Heartbeat OK procs=5/5
2026-09-05 23:29:25 Heartbeat OK procs=5/5
2026-09-05 23:33:26 Heartbeat OK procs=5/5
2026-09-05 23:37:27 Heartbeat OK procs=5/5
2026-09-05 23:40:21 Watchdog started
2026-09-06 06:57:16 Watchdog started
2026-09-06 07:02:04 Watchdog started
2026-09-06 07:06:23 Watchdog started
2026-09-06 07:10:16 Heartbeat OK procs=5/5
2026-09-06 07:13:48 Watchdog started
2026-09-06 07:17:45 Heartbeat OK procs=7/7 (GS=3/3)
2026-09-06 07:21:53 Heartbeat OK procs=7/7 (GS=3/3)
2026-09-06 07:26:00 Heartbeat OK procs=7/7 (GS=3/3)
2026-09-06 07:30:08 Heartbeat OK procs=7/7 (GS=3/3)
2026-09-06 07:34:13 Heartbeat OK procs=7/7 (GS=3/3)
2026-09-06 07:38:19 Heartbeat OK procs=7/7 (GS=3/3)
2026-09-06 07:39:16 Restart GameServer (Sub-1 VIP)
2026-09-06 07:39:18 Restart GameServer (Sub-2 ThÆ°á»ng)
2026-09-06 07:39:20 Restart GameServer (Sub-3 Non-PK)
2026-09-06 07:39:47 Restart GameServer (Sub-1 VIP)
2026-09-06 07:39:49 Restart GameServer (Sub-2 ThÆ°á»ng)
2026-09-06 07:39:51 Restart GameServer (Sub-3 Non-PK)
2026-09-06 07:40:42 Watchdog started
2026-09-06 07:44:40 Heartbeat OK procs=7/7 (GS=3/3)
2026-09-06 07:48:45 Heartbeat OK procs=7/7 (GS=3/3)
2026-09-06 07:52:50 Heartbeat OK procs=7/7 (GS=3/3)
2026-09-06 07:56:55 Heartbeat OK procs=7/7 (GS=3/3)
2026-09-06 08:01:01 Heartbeat OK procs=7/7 (GS=3/3)
2026-09-06 08:05:07 Heartbeat OK procs=7/7 (GS=3/3)
2026-09-06 08:09:14 Heartbeat OK procs=7/7 (GS=3/3)
2026-09-06 08:13:20 Heartbeat OK procs=7/7 (GS=3/3)
2026-09-06 08:17:26 Heartbeat OK procs=7/7 (GS=3/3)
2026-09-06 08:21:32 Heartbeat OK procs=7/7 (GS=3/3)
2026-09-06 08:25:38 Heartbeat OK procs=7/7 (GS=3/3)
2026-09-06 08:29:44 Heartbeat OK procs=7/7 (GS=3/3)
2026-09-06 08:33:51 Heartbeat OK procs=7/7 (GS=3/3)
2026-09-06 08:37:57 Heartbeat OK procs=7/7 (GS=3/3)
2026-09-06 08:42:03 Heartbeat OK procs=7/7 (GS=3/3)
2026-09-06 08:43:42 Restart GameServer (Sub-1 VIP)
2026-09-06 08:43:44 Restart GameServer (Sub-2 ThÆ°á»ng)
2026-09-06 08:43:46 Restart GameServer (Sub-3 Non-PK)
2026-09-06 08:46:16 Heartbeat OK procs=7/7 (GS=3/3)
2026-09-06 08:50:22 Heartbeat OK procs=7/7 (GS=3/3)
2026-09-06 08:54:29 Heartbeat OK procs=7/7 (GS=3/3)
2026-09-06 08:58:35 Heartbeat OK procs=7/7 (GS=3/3)
2026-09-06 09:02:42 Heartbeat OK procs=7/7 (GS=3/3)
2026-09-06 09:06:49 Heartbeat OK procs=7/7 (GS=3/3)
2026-09-06 09:10:55 Heartbeat OK procs=7/7 (GS=3/3)
2026-09-06 09:15:01 Heartbeat OK procs=7/7 (GS=3/3)
2026-09-06 09:19:08 Heartbeat OK procs=7/7 (GS=3/3)
2026-09-06 09:23:15 Heartbeat OK procs=7/7 (GS=3/3)
2026-09-06 09:27:21 Heartbeat OK procs=7/7 (GS=3/3)
2026-09-06 09:31:27 Heartbeat OK procs=7/7 (GS=3/3)
2026-09-06 09:35:34 Heartbeat OK procs=7/7 (GS=3/3)
2026-09-06 09:39:40 Heartbeat OK procs=7/7 (GS=3/3)
2026-09-06 09:43:47 Heartbeat OK procs=7/7 (GS=3/3)
2026-09-06 09:47:53 Heartbeat OK procs=7/7 (GS=3/3)
2026-09-06 09:52:00 Heartbeat OK procs=7/7 (GS=3/3)
2026-09-06 09:56:06 Heartbeat OK procs=7/7 (GS=3/3)
2026-09-06 10:00:12 Heartbeat OK procs=7/7 (GS=3/3)
2026-09-06 10:04:19 Heartbeat OK procs=7/7 (GS=3/3)
2026-09-06 10:08:25 Heartbeat OK procs=7/7 (GS=3/3)
2026-09-06 10:12:31 Heartbeat OK procs=7/7 (GS=3/3)
2026-09-06 10:16:38 Heartbeat OK procs=7/7 (GS=3/3)
2026-09-06 10:20:46 Heartbeat OK procs=7/7 (GS=3/3)
2026-09-06 10:24:53 Heartbeat OK procs=7/7 (GS=3/3)
2026-09-06 10:29:00 Heartbeat OK procs=7/7 (GS=3/3)
2026-09-06 10:33:06 Heartbeat OK procs=7/7 (GS=3/3)
2026-09-06 10:37:13 Heartbeat OK procs=7/7 (GS=3/3)
2026-09-06 10:41:19 Heartbeat OK procs=7/7 (GS=3/3)
2026-09-06 10:45:26 Heartbeat OK procs=7/7 (GS=3/3)
2026-09-06 10:49:32 Heartbeat OK procs=7/7 (GS=3/3)
2026-09-06 10:53:39 Heartbeat OK procs=7/7 (GS=3/3)
2026-09-06 10:57:45 Heartbeat OK procs=7/7 (GS=3/3)
2026-09-06 11:01:52 Heartbeat OK procs=7/7 (GS=3/3)
2026-09-06 11:05:58 Heartbeat OK procs=7/7 (GS=3/3)
2026-09-06 11:10:04 Heartbeat OK procs=7/7 (GS=3/3)
2026-09-06 11:14:11 Heartbeat OK procs=7/7 (GS=3/3)
2026-09-06 11:18:17 Heartbeat OK procs=7/7 (GS=3/3)
2026-09-06 11:22:23 Heartbeat OK procs=7/7 (GS=3/3)
2026-09-06 11:26:30 Heartbeat OK procs=7/7 (GS=3/3)
2026-09-06 11:30:36 Heartbeat OK procs=7/7 (GS=3/3)
2026-09-06 11:34:43 Heartbeat OK procs=7/7 (GS=3/3)
2026-09-06 11:38:53 Heartbeat OK procs=7/7 (GS=3/3)
2026-09-06 11:43:01 Heartbeat OK procs=7/7 (GS=3/3)
2026-09-06 13:47:12 Watchdog started
2026-09-06 13:51:12 Heartbeat OK procs=7/7 (GS=3/3)
2026-09-06 13:55:19 Heartbeat OK procs=7/7 (GS=3/3)
2026-09-06 13:59:26 Heartbeat OK procs=7/7 (GS=3/3)
2026-09-06 14:03:34 Heartbeat OK procs=7/7 (GS=3/3)
2026-09-06 14:07:41 Heartbeat OK procs=7/7 (GS=3/3)
2026-09-06 14:11:47 Heartbeat OK procs=7/7 (GS=3/3)
2026-09-06 14:15:54 Heartbeat OK procs=7/7 (GS=3/3)
2026-09-06 14:20:01 Heartbeat OK procs=7/7 (GS=3/3)
2026-09-06 14:24:07 Heartbeat OK procs=7/7 (GS=3/3)
2026-09-06 14:28:14 Heartbeat OK procs=7/7 (GS=3/3)
2026-09-06 14:32:21 Heartbeat OK procs=7/7 (GS=3/3)
2026-09-06 14:36:27 Heartbeat OK procs=7/7 (GS=3/3)
2026-09-06 14:40:34 Heartbeat OK procs=7/7 (GS=3/3)
2026-09-06 14:44:41 Heartbeat OK procs=7/7 (GS=3/3)
2026-09-06 14:48:47 Heartbeat OK procs=7/7 (GS=3/3)
2026-09-06 14:52:54 Heartbeat OK procs=7/7 (GS=3/3)
2026-09-06 14:57:01 Heartbeat OK procs=7/7 (GS=3/3)
2026-09-06 15:01:07 Heartbeat OK procs=7/7 (GS=3/3)
2026-09-06 15:05:14 Heartbeat OK procs=7/7 (GS=3/3)
2026-09-06 15:09:21 Heartbeat OK procs=7/7 (GS=3/3)
2026-09-06 15:13:28 Heartbeat OK procs=7/7 (GS=3/3)
2026-09-06 15:17:34 Heartbeat OK procs=7/7 (GS=3/3)
2026-09-06 15:21:41 Heartbeat OK procs=7/7 (GS=3/3)
2026-09-06 15:25:48 Heartbeat OK procs=7/7 (GS=3/3)
2026-09-06 15:29:55 Heartbeat OK procs=7/7 (GS=3/3)
2026-09-06 15:34:01 Heartbeat OK procs=7/7 (GS=3/3)
2026-09-06 15:38:08 Heartbeat OK procs=7/7 (GS=3/3)
2026-09-06 15:42:15 Heartbeat OK procs=7/7 (GS=3/3)
2026-09-06 22:30:06 Watchdog started
2026-09-06 22:34:05 Heartbeat OK procs=7/7 (GS=3/3)
2026-09-06 22:38:11 Heartbeat OK procs=7/7 (GS=3/3)
2026-09-06 22:42:19 Heartbeat OK procs=7/7 (GS=3/3)
2026-09-06 22:46:26 Heartbeat OK procs=7/7 (GS=3/3)
2026-09-06 22:50:33 Heartbeat OK procs=7/7 (GS=3/3)
2026-09-06 22:54:40 Heartbeat OK procs=7/7 (GS=3/3)
2026-09-06 22:58:48 Heartbeat OK procs=7/7 (GS=3/3)
2026-09-06 23:02:55 Heartbeat OK procs=7/7 (GS=3/3)
2026-09-06 23:07:02 Heartbeat OK procs=7/7 (GS=3/3)
2026-09-06 23:11:09 Heartbeat OK procs=7/7 (GS=3/3)
2026-09-06 23:15:18 Heartbeat OK procs=7/7 (GS=3/3)
2026-09-06 23:19:26 Heartbeat OK procs=7/7 (GS=3/3)
2026-09-06 23:23:33 Heartbeat OK procs=7/7 (GS=3/3)
2026-09-06 23:27:40 Heartbeat OK procs=7/7 (GS=3/3)
2026-09-07 19:48:59 Watchdog started
2026-09-07 19:52:57 Heartbeat OK procs=7/7 (GS=3/3)
2026-09-07 19:54:56 Watchdog started
2026-09-07 19:58:54 Heartbeat OK procs=7/7 (GS=3/3)
2026-09-07 20:02:10 Restart GameServer (Sub-1 VIP)
2026-09-07 20:02:12 Restart GameServer (Sub-2 ThÆ°á»ng)
2026-09-07 20:02:14 Restart GameServer (Sub-3 Non-PK)
2026-09-07 20:03:05 Heartbeat OK procs=7/7 (GS=3/3)
2026-09-07 20:07:11 Heartbeat OK procs=7/7 (GS=3/3)
2026-09-07 20:11:18 Heartbeat OK procs=7/7 (GS=3/3)
2026-09-07 20:14:51 Restart GameServer (Sub-1 VIP)
2026-09-07 20:14:53 Restart GameServer (Sub-2 ThÆ°á»ng)
2026-09-07 20:15:28 Heartbeat OK procs=7/7 (GS=3/3)
2026-09-07 20:19:35 Heartbeat OK procs=7/7 (GS=3/3)
2026-09-07 20:23:41 Heartbeat OK procs=7/7 (GS=3/3)
2026-09-07 20:27:47 Heartbeat OK procs=7/7 (GS=3/3)
2026-09-07 20:31:53 Heartbeat OK procs=7/7 (GS=3/3)
2026-09-07 20:35:59 Heartbeat OK procs=7/7 (GS=3/3)
2026-09-07 20:40:04 Heartbeat OK procs=7/7 (GS=3/3)
2026-09-07 20:44:10 Heartbeat OK procs=7/7 (GS=3/3)
2026-09-07 20:48:16 Heartbeat OK procs=7/7 (GS=3/3)
2026-09-07 20:52:23 Heartbeat OK procs=7/7 (GS=3/3)
2026-09-07 20:56:30 Heartbeat OK procs=7/7 (GS=3/3)
2026-09-07 21:00:37 Heartbeat OK procs=7/7 (GS=3/3)
2026-09-07 21:54:33 Watchdog started
2026-09-07 21:58:31 Heartbeat OK procs=7/7 (GS=3/3)
2026-09-07 22:02:38 Heartbeat OK procs=7/7 (GS=3/3)
2026-09-08 19:47:16 Watchdog started
2026-09-08 19:51:13 Heartbeat OK procs=7/7 (GS=3/3)
2026-09-08 19:55:18 Heartbeat OK procs=7/7 (GS=3/3)
2026-09-08 19:59:23 Heartbeat OK procs=7/7 (GS=3/3)
2026-09-08 20:03:27 Heartbeat OK procs=7/7 (GS=3/3)
2026-09-08 20:07:32 Heartbeat OK procs=7/7 (GS=3/3)
2026-09-08 20:11:39 Heartbeat OK procs=7/7 (GS=3/3)
2026-09-08 20:15:45 Heartbeat OK procs=7/7 (GS=3/3)
2026-09-08 20:19:51 Heartbeat OK procs=7/7 (GS=3/3)
2026-09-08 20:23:56 Heartbeat OK procs=7/7 (GS=3/3)
2026-09-08 20:28:02 Heartbeat OK procs=7/7 (GS=3/3)
2026-09-08 20:32:08 Heartbeat OK procs=7/7 (GS=3/3)
2026-09-08 20:36:14 Heartbeat OK procs=7/7 (GS=3/3)
2026-09-08 20:40:19 Heartbeat OK procs=7/7 (GS=3/3)
2026-09-08 20:44:25 Heartbeat OK procs=7/7 (GS=3/3)
2026-09-08 20:48:30 Heartbeat OK procs=7/7 (GS=3/3)
2026-09-08 20:52:35 Heartbeat OK procs=7/7 (GS=3/3)
2026-09-08 21:04:10 Heartbeat OK procs=7/7 (GS=3/3)
2026-09-08 21:08:15 Heartbeat OK procs=7/7 (GS=3/3)
2026-09-08 21:12:21 Heartbeat OK procs=7/7 (GS=3/3)
2026-09-08 21:16:26 Heartbeat OK procs=7/7 (GS=3/3)
2026-09-08 21:20:32 Heartbeat OK procs=7/7 (GS=3/3)
2026-09-08 21:24:37 Heartbeat OK procs=7/7 (GS=3/3)
2026-09-08 21:28:42 Heartbeat OK procs=7/7 (GS=3/3)
2026-09-08 21:33:27 Heartbeat OK procs=7/7 (GS=3/3)
2026-09-08 21:37:37 Heartbeat OK procs=7/7 (GS=3/3)
2026-09-08 21:42:16 Heartbeat OK procs=7/7 (GS=3/3)
2026-09-08 21:46:55 Heartbeat OK procs=7/7 (GS=3/3)
2026-09-08 21:51:28 Heartbeat OK procs=7/7 (GS=3/3)
2026-09-08 21:56:18 Heartbeat OK procs=7/7 (GS=3/3)
2026-09-08 22:01:00 Heartbeat OK procs=7/7 (GS=3/3)
2026-09-08 22:05:22 Heartbeat OK procs=7/7 (GS=3/3)
2026-09-08 22:09:36 Heartbeat OK procs=7/7 (GS=3/3)
2026-09-08 22:13:49 Heartbeat OK procs=7/7 (GS=3/3)
2026-09-08 22:17:58 Heartbeat OK procs=7/7 (GS=3/3)
2026-09-08 22:22:06 Heartbeat OK procs=7/7 (GS=3/3)
2026-09-08 22:26:13 Heartbeat OK procs=7/7 (GS=3/3)
2026-09-08 22:30:28 Heartbeat OK procs=7/7 (GS=3/3)
2026-09-08 22:34:46 Heartbeat OK procs=7/7 (GS=3/3)
2026-09-08 22:38:58 Heartbeat OK procs=7/7 (GS=3/3)
2026-09-08 22:43:05 Heartbeat OK procs=7/7 (GS=3/3)
2026-09-08 22:47:11 Heartbeat OK procs=7/7 (GS=3/3)
2026-09-08 22:51:19 Heartbeat OK procs=7/7 (GS=3/3)
2026-09-08 22:55:27 Heartbeat OK procs=7/7 (GS=3/3)
2026-09-08 22:59:34 Heartbeat OK procs=7/7 (GS=3/3)
2026-09-08 23:03:42 Heartbeat OK procs=7/7 (GS=3/3)
2026-09-08 23:07:49 Heartbeat OK procs=7/7 (GS=3/3)
2026-09-09 22:04:05 Watchdog started
2026-09-09 22:08:03 Heartbeat OK procs=7/7 (GS=3/3)
2026-09-10 19:02:18 Watchdog started
2026-09-10 20:48:41 Watchdog started
2026-09-10 20:52:38 Heartbeat OK procs=7/7 (GS=3/3)
2026-09-10 20:56:42 Heartbeat OK procs=7/7 (GS=3/3)
2026-09-10 21:00:46 Heartbeat OK procs=7/7 (GS=3/3)
2026-09-10 21:02:22 Watchdog started
2026-09-10 21:06:18 Heartbeat OK procs=7/7 (GS=3/3)
2026-09-10 21:07:03 Watchdog started
2026-09-10 21:11:00 Heartbeat OK procs=7/7 (GS=3/3)
