 StartAntiServer

 Timestamp is 68b9963c (Thu Sep 04 20:38:04 2025)

 Preferred load address is 00400000

 Start         Length     Name                   Class
 0001:00000000 0005e8d1H .text                   CODE
 0001:0005e8e0 00000e8dH .text$x                 CODE
 0001:0005f770 00000263H .text$yc                CODE
 0001:0005f9e0 000003f2H .text$yd                CODE
 0002:00000000 0000078cH .idata$5                DATA
 0002:0000078c 00000004H .CRT$XCA                DATA
 0002:00000790 00000004H .CRT$XCAA               DATA
 0002:00000794 00000018H .CRT$XCL                DATA
 0002:000007ac 0000003cH .CRT$XCU                DATA
 0002:000007e8 00000004H .CRT$XCZ                DATA
 0002:000007ec 00000004H .CRT$XIA                DATA
 0002:000007f0 00000004H .CRT$XIAA               DATA
 0002:000007f4 00000004H .CRT$XIC                DATA
 0002:000007f8 00000004H .CRT$XIY                DATA
 0002:000007fc 00000004H .CRT$XIZ                DATA
 0002:00000800 0000ef98H .rdata                  DATA
 0002:0000f798 00000053H .rdata$debug            DATA
 0002:0000f7ec 0000099cH .rdata$r                DATA
 0002:00010190 0000010cH .rdata$sxdata           DATA
 0002:0001029c 00000004H .rtc$IAA                DATA
 0002:000102a0 00000004H .rtc$IZZ                DATA
 0002:000102a4 00000004H .rtc$TAA                DATA
 0002:000102a8 00000004H .rtc$TZZ                DATA
 0002:000102b0 000014c8H .xdata$x                DATA
 0002:00011778 00000000H ATL$__a                 DATA
 0002:00011778 00000000H ATL$__z                 DATA
 0002:00011778 0000017cH .idata$2                DATA
 0002:000118f4 00000014H .idata$3                DATA
 0002:00011908 0000078cH .idata$4                DATA
 0002:00012094 00002494H .idata$6                DATA
 0002:00014528 00000000H .edata                  DATA
 0003:00000000 000033a0H .data                   DATA
 0003:000033a0 001e8efcH .bss                    DATA
 0004:00000000 0000058cH .rsrc$01                DATA
 0004:00000590 000a9de8H .rsrc$02                DATA

  Address         Publics by Value              Rva+Base       Lib:Object

 0000:00000000       __except_list              00000000     <absolute>
 0000:00000043       ___safe_se_handler_count   00000043     <absolute>
 0000:00009876       __ldused                   00009876     <absolute>
 0000:00009876       __fltused                  00009876     <absolute>
 0000:00000000       ___ImageBase               00400000     <linker-defined>
 0001:00000000       ??1bad_alloc@std@@UAE@XZ   00401000 f i pugixml.obj
 0001:00000010       ??_Gbad_alloc@std@@UAEPAXI@Z 00401010 f i pugixml.obj
 0001:00000010       ??_Ebad_alloc@std@@UAEPAXI@Z 00401010 f i  CIL library: CIL module
 0001:00000040       ??0?$basic_string@DU?$char_traits@D@std@@V?$allocator@D@2@@std@@QAE@PBD@Z 00401040 f i pugixml.obj
 0001:00000080       ??1?$pair@V?$basic_string@DU?$char_traits@D@std@@V?$allocator@D@2@@std@@UIP_ADDRESS_INFO@@@std@@QAE@XZ 00401080 f i IpManager.obj
 0001:00000080       ??1?$basic_string@DU?$char_traits@D@std@@V?$allocator@D@2@@std@@QAE@XZ 00401080 f i pugixml.obj
 0001:000000b0       ??1?$basic_string@_WU?$char_traits@_W@std@@V?$allocator@_W@2@@std@@QAE@XZ 004010b0 f i pugixml.obj
 0001:000000e0       ?assign@?$basic_string@DU?$char_traits@D@std@@V?$allocator@D@2@@std@@QAEAAV12@$$QAV12@@Z 004010e0 f i pugixml.obj
 0001:00000150       ?append@?$basic_string@DU?$char_traits@D@std@@V?$allocator@D@2@@std@@QAEAAV12@ID@Z 00401150 f i pugixml.obj
 0001:00000220       ?append@?$basic_string@DU?$char_traits@D@std@@V?$allocator@D@2@@std@@QAEAAV12@ABV12@II@Z 00401220 f i pugixml.obj
 0001:00000310       ?assign@?$basic_string@DU?$char_traits@D@std@@V?$allocator@D@2@@std@@QAEAAV12@ABV12@II@Z 00401310 f i pugixml.obj
 0001:000003f0       ?assign@?$basic_string@DU?$char_traits@D@std@@V?$allocator@D@2@@std@@QAEAAV12@PBDI@Z 004013f0 f i pugixml.obj
 0001:000004c0       ?erase@?$basic_string@DU?$char_traits@D@std@@V?$allocator@D@2@@std@@QAEAAV12@II@Z 004014c0 f i pugixml.obj
 0001:00000540       ?_Grow@?$basic_string@DU?$char_traits@D@std@@V?$allocator@D@2@@std@@QAE_NI_N@Z 00401540 f i pugixml.obj
 0001:000005f0       ?_Grow@?$basic_string@_WU?$char_traits@_W@std@@V?$allocator@_W@2@@std@@QAE_NI_N@Z 004015f0 f i pugixml.obj
 0001:00000640       ?_Copy@?$basic_string@DU?$char_traits@D@std@@V?$allocator@D@2@@std@@QAEXII@Z 00401640 f i pugixml.obj
 0001:000007b0       ?_Copy@?$basic_string@_WU?$char_traits@_W@std@@V?$allocator@_W@2@@std@@QAEXII@Z 004017b0 f i pugixml.obj
 0001:00000930       ?allocate@?$allocator@_W@std@@QAEPA_WI@Z 00401930 f i pugixml.obj
 0001:00000990       ??0bad_alloc@std@@QAE@ABV01@@Z 00401990 f i pugixml.obj
 0001:000009b0       ?MainProtection@@YAXXZ     004019b0 f   AntiCrack.obj
 0001:00000a20       ?SystemOut3@@YAXXZ         00401a20 f   AntiCrack.obj
 0001:00000a80       ?CheckDbgPresentCloseHandle@@YA_NXZ 00401a80 f i AntiCrack.obj
 0001:00000b10       ?Int2DCheck@@YA_NXZ        00401b10 f i AntiCrack.obj
 0001:00000b90       ?IsDbgPresentPrefixCheck@@YA_NXZ 00401b90 f i AntiCrack.obj
 0001:00000c10       ?SetList@CBlackList@@QAEXPAD@Z 00401c10 f   BlackList.obj
 0001:00000dd0       ?CheckIpAddress@CBlackList@@QAE_NPAD@Z 00401dd0 f   BlackList.obj
 0001:00000e60       ?CheckHardwareId@CBlackList@@QAE_NPAD@Z 00401e60 f   BlackList.obj
 0001:00000ef0       ?AddBlackList@CBlackList@@QAE_NPAD0@Z 00401ef0 f   BlackList.obj
 0001:00001580       ??_D?$basic_ofstream@DU?$char_traits@D@std@@@std@@QAEXXZ 00402580 f i BlackList.obj
 0001:00001600       ??_D?$basic_ifstream@DU?$char_traits@D@std@@@std@@QAEXXZ 00402600 f i BlackList.obj
 0001:00001680       ?push_back@?$vector@UBLACKLIST_IPADDR_INFO@@V?$allocator@UBLACKLIST_IPADDR_INFO@@@std@@@std@@QAEXABUBLACKLIST_IPADDR_INFO@@@Z 00402680 f i BlackList.obj
 0001:00001750       ?push_back@?$vector@UWATCHLIST_HARDID_INFO@@V?$allocator@UWATCHLIST_HARDID_INFO@@@std@@@std@@QAEXABUWATCHLIST_HARDID_INFO@@@Z 00402750 f i WatchList.obj
 0001:00001750       ?push_back@?$vector@UBLACKLIST_HARDID_INFO@@V?$allocator@UBLACKLIST_HARDID_INFO@@@std@@@std@@QAEXABUBLACKLIST_HARDID_INFO@@@Z 00402750 f i BlackList.obj
 0001:000017b0       ?clear@?$vector@UBLACKLIST_HARDID_INFO@@V?$allocator@UBLACKLIST_HARDID_INFO@@@std@@@std@@QAEXXZ 004027b0 f i BlackList.obj
 0001:000017b0       ?clear@?$vector@UWATCHLIST_HARDID_INFO@@V?$allocator@UWATCHLIST_HARDID_INFO@@@std@@@std@@QAEXXZ 004027b0 f i WatchList.obj
 0001:00001800       ??0?$basic_ofstream@DU?$char_traits@D@std@@@std@@QAE@XZ 00402800 f i BlackList.obj
 0001:000018c0       ?close@?$basic_ofstream@DU?$char_traits@D@std@@@std@@QAEXXZ 004028c0 f i BlackList.obj
 0001:00001930       ??1?$basic_filebuf@DU?$char_traits@D@std@@@std@@UAE@XZ 00402930 f i BlackList.obj
 0001:000019f0       ?_Lock@?$basic_filebuf@DU?$char_traits@D@std@@@std@@UAEXXZ 004029f0 f i BlackList.obj
 0001:00001a00       ?_Unlock@?$basic_filebuf@DU?$char_traits@D@std@@@std@@UAEXXZ 00402a00 f i BlackList.obj
 0001:00001a10       ?overflow@?$basic_filebuf@DU?$char_traits@D@std@@@std@@MAEHH@Z 00402a10 f i BlackList.obj
 0001:00001bf0       ?pbackfail@?$basic_filebuf@DU?$char_traits@D@std@@@std@@MAEHH@Z 00402bf0 f i BlackList.obj
 0001:00001c80       ?underflow@?$basic_filebuf@DU?$char_traits@D@std@@@std@@MAEHXZ 00402c80 f i BlackList.obj
 0001:00001cd0       ?uflow@?$basic_filebuf@DU?$char_traits@D@std@@@std@@MAEHXZ 00402cd0 f i BlackList.obj
 0001:00001f70       ?seekoff@?$basic_filebuf@DU?$char_traits@D@std@@@std@@MAE?AV?$fpos@H@2@_JHH@Z 00402f70 f i BlackList.obj
 0001:00002070       ?seekpos@?$basic_filebuf@DU?$char_traits@D@std@@@std@@MAE?AV?$fpos@H@2@V32@H@Z 00403070 f i BlackList.obj
 0001:00002160       ?setbuf@?$basic_filebuf@DU?$char_traits@D@std@@@std@@MAEPAV?$basic_streambuf@DU?$char_traits@D@std@@@2@PAD_J@Z 00403160 f i BlackList.obj
 0001:000021f0       ?sync@?$basic_filebuf@DU?$char_traits@D@std@@@std@@MAEHXZ 004031f0 f i BlackList.obj
 0001:00002230       ?imbue@?$basic_filebuf@DU?$char_traits@D@std@@@std@@MAEXABVlocale@2@@Z 00403230 f i BlackList.obj
 0001:00002270       ??0?$basic_ifstream@DU?$char_traits@D@std@@@std@@QAE@XZ 00403270 f i BlackList.obj
 0001:00002330       ?close@?$basic_ifstream@DU?$char_traits@D@std@@@std@@QAEXXZ 00403330 f i BlackList.obj
 0001:000023a0       ??_E?$basic_ofstream@DU?$char_traits@D@std@@@std@@UAEPAXI@Z 004033a0 f i  CIL library: CIL module
 0001:000023a0       ??_G?$basic_ofstream@DU?$char_traits@D@std@@@std@@UAEPAXI@Z 004033a0 f i BlackList.obj
 0001:00002430       ??_G?$basic_filebuf@DU?$char_traits@D@std@@@std@@UAEPAXI@Z 00403430 f i BlackList.obj
 0001:00002430       ??_E?$basic_filebuf@DU?$char_traits@D@std@@@std@@UAEPAXI@Z 00403430 f i  CIL library: CIL module
 0001:00002460       ??_G?$basic_ifstream@DU?$char_traits@D@std@@@std@@UAEPAXI@Z 00403460 f i BlackList.obj
 0001:00002460       ??_E?$basic_ifstream@DU?$char_traits@D@std@@@std@@UAEPAXI@Z 00403460 f i  CIL library: CIL module
 0001:00002500       ?find@?$basic_string@DU?$char_traits@D@std@@V?$allocator@D@2@@std@@QBEIPBDII@Z 00403500 f i BlackList.obj
 0001:000025a0       ?erase@?$vector@UBLACKLIST_IPADDR_INFO@@V?$allocator@UBLACKLIST_IPADDR_INFO@@@std@@@std@@QAE?AV?$_Vector_iterator@V?$_Vector_val@UBLACKLIST_IPADDR_INFO@@V?$allocator@UBLACKLIST_IPADDR_INFO@@@std@@@std@@@2@V?$_Vector_const_iterator@V?$_Vector_val@UBLACKLIST_IPADDR_INFO@@V?$allocator@UBLACKLIST_IPADDR_INFO@@@std@@@std@@@2@0@Z 004035a0 f i BlackList.obj
 0001:00002600       ?_Reserve@?$vector@UBLACKLIST_IPADDR_INFO@@V?$allocator@UBLACKLIST_IPADDR_INFO@@@std@@@std@@IAEXI@Z 00403600 f i BlackList.obj
 0001:00002680       ?_Reserve@?$vector@UWATCHLIST_HARDID_INFO@@V?$allocator@UWATCHLIST_HARDID_INFO@@@std@@@std@@IAEXI@Z 00403680 f i WatchList.obj
 0001:00002680       ?_Reserve@?$vector@UBLACKLIST_HARDID_INFO@@V?$allocator@UBLACKLIST_HARDID_INFO@@@std@@@std@@IAEXI@Z 00403680 f i BlackList.obj
 0001:00002700       ?open@?$basic_filebuf@DU?$char_traits@D@std@@@std@@QAEPAV12@PBDHH@Z 00403700 f i BlackList.obj
 0001:00002800       ?_Endwrite@?$basic_filebuf@DU?$char_traits@D@std@@@std@@IAE_NXZ 00403800 f i BlackList.obj
 0001:00002930       ?_Reset_back@?$basic_filebuf@DU?$char_traits@D@std@@@std@@AAEXXZ 00403930 f i BlackList.obj
 0001:00002960       ?_Set_back@?$basic_filebuf@DU?$char_traits@D@std@@@std@@AAEXXZ 00403960 f i BlackList.obj
 0001:000029a0       ?reserve@?$vector@UBLACKLIST_IPADDR_INFO@@V?$allocator@UBLACKLIST_IPADDR_INFO@@@std@@@std@@QAEXI@Z 004039a0 f i BlackList.obj
 0001:00002ab0       ?reserve@?$vector@UBLACKLIST_HARDID_INFO@@V?$allocator@UBLACKLIST_HARDID_INFO@@@std@@@std@@QAEXI@Z 00403ab0 f i BlackList.obj
 0001:00002ab0       ?reserve@?$vector@UWATCHLIST_HARDID_INFO@@V?$allocator@UWATCHLIST_HARDID_INFO@@@std@@@std@@QAEXI@Z 00403ab0 f i WatchList.obj
 0001:00002ba0       ?allocate@?$allocator@UWATCHLIST_HARDID_INFO@@@std@@QAEPAUWATCHLIST_HARDID_INFO@@I@Z 00403ba0 f i WatchList.obj
 0001:00002ba0       ?allocate@?$allocator@UBLACKLIST_HARDID_INFO@@@std@@QAEPAUBLACKLIST_HARDID_INFO@@I@Z 00403ba0 f i BlackList.obj
 0001:00002c00       ??$?6U?$char_traits@D@std@@@std@@YAAAV?$basic_ostream@DU?$char_traits@D@std@@@0@AAV10@PBD@Z 00403c00 f i BlackList.obj
 0001:00002e50       ??$use_facet@V?$codecvt@DDH@std@@@std@@YAABV?$codecvt@DDH@0@ABVlocale@0@@Z 00403e50 f i BlackList.obj
 0001:00002f50       ??$getline@DU?$char_traits@D@std@@V?$allocator@D@2@@std@@YAAAV?$basic_istream@DU?$char_traits@D@std@@@0@$$QAV10@AAV?$basic_string@DU?$char_traits@D@std@@V?$allocator@D@2@@0@D@Z 00403f50 f i BlackList.obj
 0001:000030c0       ??$_Uninit_move@PAUBLACKLIST_IPADDR_INFO@@PAU1@V?$allocator@UBLACKLIST_IPADDR_INFO@@@std@@U1@@std@@YAPAUBLACKLIST_IPADDR_INFO@@PAU1@00AAV?$allocator@UBLACKLIST_IPADDR_INFO@@@0@0U_Nonscalar_ptr_iterator_tag@0@@Z 004040c0 f i BlackList.obj
 0001:000030c0       ??$_Uninit_move@PAUWATCHLIST_IPADDR_INFO@@PAU1@V?$allocator@UWATCHLIST_IPADDR_INFO@@@std@@U1@@std@@YAPAUWATCHLIST_IPADDR_INFO@@PAU1@00AAV?$allocator@UWATCHLIST_IPADDR_INFO@@@0@0U_Nonscalar_ptr_iterator_tag@0@@Z 004040c0 f i WatchList.obj
 0001:000030f0       ??1_Sentry_base@?$basic_ostream@DU?$char_traits@D@std@@@std@@QAE@XZ 004040f0 f i BlackList.obj
 0001:000030f0       ??1_Sentry_base@?$basic_istream@DU?$char_traits@D@std@@@std@@QAE@XZ 004040f0 f i BlackList.obj
 0001:000030f0       ??1sentry@?$basic_istream@DU?$char_traits@D@std@@@std@@QAE@XZ 004040f0 f i BlackList.obj
 0001:00003110       ?compare@?$char_traits@D@std@@SAHPBD0I@Z 00404110 f i BlackList.obj
 0001:00003190       ??0?$basic_string@DU?$char_traits@D@std@@V?$allocator@D@2@@std@@QAE@ID@Z 00404190 f i BlackList.obj
 0001:000031f0       ??1locale@std@@QAE@XZ      004041f0 f i BlackList.obj
 0001:00003210       ??1sentry@?$basic_ostream@DU?$char_traits@D@std@@@std@@QAE@XZ 00404210 f i BlackList.obj
 0001:00003280       ??0CClientManager@@QAE@XZ  00404280 f   ClientManager.obj
 0001:000032b0       ??_ECClientManager@@UAEPAXI@Z 004042b0 f i  CIL library: CIL module
 0001:000032b0       ??_GCClientManager@@UAEPAXI@Z 004042b0 f i ClientManager.obj
 0001:000032e0       ??1CClientManager@@UAE@XZ  004042e0 f   ClientManager.obj
 0001:000032f0       ?CheckState@CClientManager@@QAE_NXZ 004042f0 f   ClientManager.obj
 0001:00003320       ?AddClient@CClientManager@@QAEXHPADI@Z 00404320 f   ClientManager.obj
 0001:00003460       ?DelClient@CClientManager@@QAEXXZ 00404460 f   ClientManager.obj
 0001:000034d0       ?SetClientInfo@CClientManager@@QAEXPAD@Z 004044d0 f   ClientManager.obj
 0001:00003510       ??_ECCriticalSection@@UAEPAXI@Z 00404510 f i  CIL library: CIL module
 0001:00003510       ??_GCCriticalSection@@UAEPAXI@Z 00404510 f i CriticalSection.obj
 0001:00003540       ??1CCriticalSection@@UAE@XZ 00404540 f   CriticalSection.obj
 0001:00003560       ?httpGet@@YAHPADH0@Z       00404560 f   FileDownloadHTTP.obj
 0001:000037a0       ?recvLine@@YAHHPADH@Z      004047a0 f   FileDownloadHTTP.obj
 0001:000037f0       ??$sprintf_s@$0PPPP@@@YAHAAY0PPPP@DPBDZZ 004047f0 f i FileDownloadHTTP.obj
 0001:00003810       ?breakUrl@@YAXPBDPAUURLPARTS_T@@@Z 00404810 f   FileDownloadURL.obj
 0001:00003970       ?ConvertUtf8ToWChar@@YAPA_WPBD@Z 00404970 f   HackServer.obj
 0001:000039d0       _WinMain@16                004049d0 f   HackServer.obj
 0001:00003c00       ?MyRegisterClass@@YAGPAUHINSTANCE__@@@Z 00404c00 f   HackServer.obj
 0001:00003c80       ?InitInstance@@YAHPAUHINSTANCE__@@H@Z 00404c80 f   HackServer.obj
 0001:00003d40       ?WndProc@@YGJPAUHWND__@@IIJ@Z 00404d40 f   HackServer.obj
 0001:000041f0       ?About@@YGJPAUHWND__@@IIJ@Z 004051f0 f   HackServer.obj
 0001:00004390       ?CheckListBox@@YA_NPAUHWND__@@HPAD@Z 00405390 f   HackServer.obj
 0001:00004480       ?PlayersList@@YGJPAUHWND__@@IIJ@Z 00405480 f   HackServer.obj
 0001:00005580       ?Banned@@YGJPAUHWND__@@IIJ@Z 00406580 f   HackServer.obj
 0001:00005710       ?Screen@@YGJPAUHWND__@@IIJ@Z 00406710 f   HackServer.obj
 0001:00005960       ?SetListViewColumns@@YAHPAUHWND__@@HHPAPADPAH@Z 00406960 f   HackServer.obj
 0001:000059e0       ?CreateListView@@YAPAUHWND__@@PAU1@I@Z 004069e0 f   HackServer.obj
 0001:00005a80       ?ProcessList@@YGJPAUHWND__@@IIJ@Z 00406a80 f   HackServer.obj
 0001:00005d00       ?IPBanned@@YGJPAUHWND__@@IIJ@Z 00406d00 f   HackServer.obj
 0001:00005fe0       ?MyYesNoProc@@YGHPAUHWND__@@IIJ@Z 00406fe0 f   HackServer.obj
 0001:00006120       ??E?$_Tree_unchecked_const_iterator@V?$_Tree_val@V?$_Tmap_traits@V?$basic_string@DU?$char_traits@D@std@@V?$allocator@D@2@@std@@UIP_ADDRESS_INFO@@U?$less@V?$basic_string@DU?$char_traits@D@std@@V?$allocator@D@2@@std@@@2@V?$allocator@U?$pair@$$CBV?$basic_string@DU?$char_traits@D@std@@V?$allocator@D@2@@std@@UIP_ADDRESS_INFO@@@std@@@2@$0A@@std@@@std@@U_Iterator_base0@2@@std@@QAEAAV01@XZ 00407120 f i HackServer.obj
 0001:00006190       ?HackServerProtocolCore@@YAXHEPAEH@Z 00407190 f   HackServerProtocol.obj
 0001:00006270       ?CHClientInfoRecv@@YAXPAUSDHP_CLIENT_INFO_RECV@@H@Z 00407270 f   HackServerProtocol.obj
 0001:00006670       ?CHConnectionStatusRecv@@YAXPAUSDHP_CONNECTION_STATUS_RECV@@H@Z 00407670 f   HackServerProtocol.obj
 0001:00006700       ?CHClientDisconnectRecv@@YAXPAUSDHP_CLIENT_DISCONNECT_RECV@@H@Z 00407700 f   HackServerProtocol.obj
 0001:000069e0       ?HCDumpListSend@@YAXH@Z    004079e0 f   HackServerProtocol.obj
 0001:00006b70       ?HCChecksumListSend@@YAXH@Z 00407b70 f   HackServerProtocol.obj
 0001:00006ce0       ?HCInternalListSend@@YAXH@Z 00407ce0 f   HackServerProtocol.obj
 0001:00006e50       ?HCWindowListSend@@YAXH@Z  00407e50 f   HackServerProtocol.obj
 0001:00006fb0       ?HCBadWordsSend@@YAXH@Z    00407fb0 f   HackServerProtocol.obj
 0001:00007110       ?HCClientDisconnectSend@@YAXHH@Z 00408110 f   HackServerProtocol.obj
 0001:00007160       ?HCGGDisconnectSend@@YAXH@Z 00408160 f   HackServerProtocol.obj
 0001:000071a0       ??_GCHidManager@@UAEPAXI@Z 004081a0 f i HidManager.obj
 0001:000071a0       ??_ECHidManager@@UAEPAXI@Z 004081a0 f i  CIL library: CIL module
 0001:000071f0       ?CheckHardwareId@CHidManager@@QAE_NQAD@Z 004081f0 f   HidManager.obj
 0001:00007280       ?InsertHardwareId@CHidManager@@QAEXQAD@Z 00408280 f   HidManager.obj
 0001:00007350       ?ClearHardwareId@CHidManager@@QAEXXZ 00408350 f   HidManager.obj
 0001:000073c0       ?DeleteAllHardwareId@CHidManager@@QAEXXZ 004083c0 f   HidManager.obj
 0001:00007440       ?_Reserve@?$vector@UHARDWARE_ID_INFO@@V?$allocator@UHARDWARE_ID_INFO@@@std@@@std@@IAEXI@Z 00408440 f i HidManager.obj
 0001:000074b0       ?reserve@?$vector@UHARDWARE_ID_INFO@@V?$allocator@UHARDWARE_ID_INFO@@@std@@@std@@QAEXI@Z 004084b0 f i HidManager.obj
 0001:000075a0       ?allocate@?$allocator@UHARDWARE_ID_INFO@@@std@@QAEPAUHARDWARE_ID_INFO@@I@Z 004085a0 f i HidManager.obj
 0001:00007600       ??$_Uninit_move@PAUHARDWARE_ID_INFO@@PAU1@V?$allocator@UHARDWARE_ID_INFO@@@std@@U1@@std@@YAPAUHARDWARE_ID_INFO@@PAU1@00AAV?$allocator@UHARDWARE_ID_INFO@@@0@0U_Nonscalar_ptr_iterator_tag@0@@Z 00408600 f i HidManager.obj
 0001:00007630       ?CheckIpAddress@CIpManager@@QAE_NPAD@Z 00408630 f   IpManager.obj
 0001:00007c90       ?InsertIpAddress@CIpManager@@QAEXPAD@Z 00408c90 f   IpManager.obj
 0001:00007e60       ?RemoveIpAddress@CIpManager@@QAEXPAD@Z 00408e60 f   IpManager.obj
 0001:00007f50       ?GetIpCount@CIpManager@@QAEHPAD@Z 00408f50 f   IpManager.obj
 0001:00008000       ?erase@?$_Tree@V?$_Tmap_traits@V?$basic_string@DU?$char_traits@D@std@@V?$allocator@D@2@@std@@UIP_ADDRESS_INFO@@U?$less@V?$basic_string@DU?$char_traits@D@std@@V?$allocator@D@2@@std@@@2@V?$allocator@U?$pair@$$CBV?$basic_string@DU?$char_traits@D@std@@V?$allocator@D@2@@std@@UIP_ADDRESS_INFO@@@std@@@2@$0A@@std@@@std@@QAE?AV?$_Tree_iterator@V?$_Tree_val@V?$_Tmap_traits@V?$basic_string@DU?$char_traits@D@std@@V?$allocator@D@2@@std@@UIP_ADDRESS_INFO@@U?$less@V?$basic_string@DU?$char_traits@D@std@@V?$allocator@D@2@@std@@@2@V?$allocator@U?$pair@$$CBV?$basic_string@DU?$char_traits@D@std@@V?$allocator@D@2@@std@@UIP_ADDRESS_INFO@@@std@@@2@$0A@@std@@@std@@@2@V?$_Tree_const_iterator@V?$_Tree_val@V?$_Tmap_traits@V?$basic_string@DU?$char_traits@D@std@@V?$allocator@D@2@@std@@UIP_ADDRESS_INFO@@U?$less@V?$basic_string@DU?$char_traits@D@std@@V?$allocator@D@2@@std@@@2@V?$allocator@U?$pair@$$CBV?$basic_string@DU?$char_traits@D@std@@V?$allocator@D@2@@std@@UIP_ADDRESS_INFO@@@std@@@2@$0A@@std@@@std@@@2@@Z 00409000 f i IpManager.obj
 0001:00008280       ?find@?$_Tree@V?$_Tmap_traits@V?$basic_string@DU?$char_traits@D@std@@V?$allocator@D@2@@std@@UIP_ADDRESS_INFO@@U?$less@V?$basic_string@DU?$char_traits@D@std@@V?$allocator@D@2@@std@@@2@V?$allocator@U?$pair@$$CBV?$basic_string@DU?$char_traits@D@std@@V?$allocator@D@2@@std@@UIP_ADDRESS_INFO@@@std@@@2@$0A@@std@@@std@@QAE?AV?$_Tree_iterator@V?$_Tree_val@V?$_Tmap_traits@V?$basic_string@DU?$char_traits@D@std@@V?$allocator@D@2@@std@@UIP_ADDRESS_INFO@@U?$less@V?$basic_string@DU?$char_traits@D@std@@V?$allocator@D@2@@std@@@2@V?$allocator@U?$pair@$$CBV?$basic_string@DU?$char_traits@D@std@@V?$allocator@D@2@@std@@UIP_ADDRESS_INFO@@@std@@@2@$0A@@std@@@std@@@2@ABV?$basic_string@DU?$char_traits@D@std@@V?$allocator@D@2@@2@@Z 00409280 f i IpManager.obj
 0001:00008310       ?_Lrotate@?$_Tree@V?$_Tmap_traits@V?$basic_string@DU?$char_traits@D@std@@V?$allocator@D@2@@std@@UIP_ADDRESS_INFO@@U?$less@V?$basic_string@DU?$char_traits@D@std@@V?$allocator@D@2@@std@@@2@V?$allocator@U?$pair@$$CBV?$basic_string@DU?$char_traits@D@std@@V?$allocator@D@2@@std@@UIP_ADDRESS_INFO@@@std@@@2@$0A@@std@@@std@@IAEXPAU_Node@?$_Tree_nod@V?$_Tmap_traits@V?$basic_string@DU?$char_traits@D@std@@V?$allocator@D@2@@std@@UIP_ADDRESS_INFO@@U?$less@V?$basic_string@DU?$char_traits@D@std@@V?$allocator@D@2@@std@@@2@V?$allocator@U?$pair@$$CBV?$basic_string@DU?$char_traits@D@std@@V?$allocator@D@2@@std@@UIP_ADDRESS_INFO@@@std@@@2@$0A@@std@@@2@@Z 00409310 f i IpManager.obj
 0001:00008360       ?_Rrotate@?$_Tree@V?$_Tmap_traits@V?$basic_string@DU?$char_traits@D@std@@V?$allocator@D@2@@std@@UIP_ADDRESS_INFO@@U?$less@V?$basic_string@DU?$char_traits@D@std@@V?$allocator@D@2@@std@@@2@V?$allocator@U?$pair@$$CBV?$basic_string@DU?$char_traits@D@std@@V?$allocator@D@2@@std@@UIP_ADDRESS_INFO@@@std@@@2@$0A@@std@@@std@@IAEXPAU_Node@?$_Tree_nod@V?$_Tmap_traits@V?$basic_string@DU?$char_traits@D@std@@V?$allocator@D@2@@std@@UIP_ADDRESS_INFO@@U?$less@V?$basic_string@DU?$char_traits@D@std@@V?$allocator@D@2@@std@@@2@V?$allocator@U?$pair@$$CBV?$basic_string@DU?$char_traits@D@std@@V?$allocator@D@2@@std@@UIP_ADDRESS_INFO@@@std@@@2@$0A@@std@@@2@@Z 00409360 f i IpManager.obj
 0001:000083b0       ??1?$_Tree_val@V?$_Tmap_traits@V?$basic_string@DU?$char_traits@D@std@@V?$allocator@D@2@@std@@UIP_ADDRESS_INFO@@U?$less@V?$basic_string@DU?$char_traits@D@std@@V?$allocator@D@2@@std@@@2@V?$allocator@U?$pair@$$CBV?$basic_string@DU?$char_traits@D@std@@V?$allocator@D@2@@std@@UIP_ADDRESS_INFO@@@std@@@2@$0A@@std@@@std@@QAE@XZ 004093b0 f i IpManager.obj
 0001:000083c0       ?_Max@?$_Tree_val@V?$_Tmap_traits@V?$basic_string@DU?$char_traits@D@std@@V?$allocator@D@2@@std@@UIP_ADDRESS_INFO@@U?$less@V?$basic_string@DU?$char_traits@D@std@@V?$allocator@D@2@@std@@@2@V?$allocator@U?$pair@$$CBV?$basic_string@DU?$char_traits@D@std@@V?$allocator@D@2@@std@@UIP_ADDRESS_INFO@@@std@@@2@$0A@@std@@@std@@SAPAU_Node@?$_Tree_nod@V?$_Tmap_traits@V?$basic_string@DU?$char_traits@D@std@@V?$allocator@D@2@@std@@UIP_ADDRESS_INFO@@U?$less@V?$basic_string@DU?$char_traits@D@std@@V?$allocator@D@2@@std@@@2@V?$allocator@U?$pair@$$CBV?$basic_string@DU?$char_traits@D@std@@V?$allocator@D@2@@std@@UIP_ADDRESS_INFO@@@std@@@2@$0A@@std@@@2@PAU342@@Z 004093c0 f i IpManager.obj
 0001:000083e0       ?erase@?$_Tree@V?$_Tmap_traits@V?$basic_string@DU?$char_traits@D@std@@V?$allocator@D@2@@std@@UIP_ADDRESS_INFO@@U?$less@V?$basic_string@DU?$char_traits@D@std@@V?$allocator@D@2@@std@@@2@V?$allocator@U?$pair@$$CBV?$basic_string@DU?$char_traits@D@std@@V?$allocator@D@2@@std@@UIP_ADDRESS_INFO@@@std@@@2@$0A@@std@@@std@@QAE?AV?$_Tree_iterator@V?$_Tree_val@V?$_Tmap_traits@V?$basic_string@DU?$char_traits@D@std@@V?$allocator@D@2@@std@@UIP_ADDRESS_INFO@@U?$less@V?$basic_string@DU?$char_traits@D@std@@V?$allocator@D@2@@std@@@2@V?$allocator@U?$pair@$$CBV?$basic_string@DU?$char_traits@D@std@@V?$allocator@D@2@@std@@UIP_ADDRESS_INFO@@@std@@@2@$0A@@std@@@std@@@2@V?$_Tree_const_iterator@V?$_Tree_val@V?$_Tmap_traits@V?$basic_string@DU?$char_traits@D@std@@V?$allocator@D@2@@std@@UIP_ADDRESS_INFO@@U?$less@V?$basic_string@DU?$char_traits@D@std@@V?$allocator@D@2@@std@@@2@V?$allocator@U?$pair@$$CBV?$basic_string@DU?$char_traits@D@std@@V?$allocator@D@2@@std@@UIP_ADDRESS_INFO@@@std@@@2@$0A@@std@@@std@@@2@0@Z 004093e0 f i IpManager.obj
 0001:000084b0       ?_Lbound@?$_Tree@V?$_Tmap_traits@V?$basic_string@DU?$char_traits@D@std@@V?$allocator@D@2@@std@@UIP_ADDRESS_INFO@@U?$less@V?$basic_string@DU?$char_traits@D@std@@V?$allocator@D@2@@std@@@2@V?$allocator@U?$pair@$$CBV?$basic_string@DU?$char_traits@D@std@@V?$allocator@D@2@@std@@UIP_ADDRESS_INFO@@@std@@@2@$0A@@std@@@std@@IAEPAU_Node@?$_Tree_nod@V?$_Tmap_traits@V?$basic_string@DU?$char_traits@D@std@@V?$allocator@D@2@@std@@UIP_ADDRESS_INFO@@U?$less@V?$basic_string@DU?$char_traits@D@std@@V?$allocator@D@2@@std@@@2@V?$allocator@U?$pair@$$CBV?$basic_string@DU?$char_traits@D@std@@V?$allocator@D@2@@std@@UIP_ADDRESS_INFO@@@std@@@2@$0A@@std@@@2@ABV?$basic_string@DU?$char_traits@D@std@@V?$allocator@D@2@@2@@Z 004094b0 f i IpManager.obj
 0001:00008540       ?_Erase@?$_Tree@V?$_Tmap_traits@V?$basic_string@DU?$char_traits@D@std@@V?$allocator@D@2@@std@@UIP_ADDRESS_INFO@@U?$less@V?$basic_string@DU?$char_traits@D@std@@V?$allocator@D@2@@std@@@2@V?$allocator@U?$pair@$$CBV?$basic_string@DU?$char_traits@D@std@@V?$allocator@D@2@@std@@UIP_ADDRESS_INFO@@@std@@@2@$0A@@std@@@std@@IAEXPAU_Node@?$_Tree_nod@V?$_Tmap_traits@V?$basic_string@DU?$char_traits@D@std@@V?$allocator@D@2@@std@@UIP_ADDRESS_INFO@@U?$less@V?$basic_string@DU?$char_traits@D@std@@V?$allocator@D@2@@std@@@2@V?$allocator@U?$pair@$$CBV?$basic_string@DU?$char_traits@D@std@@V?$allocator@D@2@@std@@UIP_ADDRESS_INFO@@@std@@@2@$0A@@std@@@2@@Z 00409540 f i IpManager.obj
 0001:000085b0       ??$?HDU?$char_traits@D@std@@V?$allocator@D@1@@std@@YA?AV?$basic_string@DU?$char_traits@D@std@@V?$allocator@D@2@@0@PBDABV10@@Z 004095b0 f i IpManager.obj
 0001:00008680       ??$?HDU?$char_traits@D@std@@V?$allocator@D@1@@std@@YA?AV?$basic_string@DU?$char_traits@D@std@@V?$allocator@D@2@@0@$$QAV10@PBD@Z 00409680 f i IpManager.obj
 0001:000086d0       ??$?HDU?$char_traits@D@std@@V?$allocator@D@1@@std@@YA?AV?$basic_string@DU?$char_traits@D@std@@V?$allocator@D@2@@0@$$QAV10@ABV10@@Z 004096d0 f i IpManager.obj
 0001:00008710       ??$?HDU?$char_traits@D@std@@V?$allocator@D@1@@std@@YA?AV?$basic_string@DU?$char_traits@D@std@@V?$allocator@D@2@@0@ABV10@PBD@Z 00409710 f i IpManager.obj
 0001:000087d0       ?_Linsert@?$_Tree@V?$_Tmap_traits@V?$basic_string@DU?$char_traits@D@std@@V?$allocator@D@2@@std@@UIP_ADDRESS_INFO@@U?$less@V?$basic_string@DU?$char_traits@D@std@@V?$allocator@D@2@@std@@@2@V?$allocator@U?$pair@$$CBV?$basic_string@DU?$char_traits@D@std@@V?$allocator@D@2@@std@@UIP_ADDRESS_INFO@@@std@@@2@$0A@@std@@@std@@QAE?AU?$pair@V?$_Tree_iterator@V?$_Tree_val@V?$_Tmap_traits@V?$basic_string@DU?$char_traits@D@std@@V?$allocator@D@2@@std@@UIP_ADDRESS_INFO@@U?$less@V?$basic_string@DU?$char_traits@D@std@@V?$allocator@D@2@@std@@@2@V?$allocator@U?$pair@$$CBV?$basic_string@DU?$char_traits@D@std@@V?$allocator@D@2@@std@@UIP_ADDRESS_INFO@@@std@@@2@$0A@@std@@@std@@@std@@_N@2@PAU_Node@?$_Tree_nod@V?$_Tmap_traits@V?$basic_string@DU?$char_traits@D@std@@V?$allocator@D@2@@std@@UIP_ADDRESS_INFO@@U?$less@V?$basic_string@DU?$char_traits@D@std@@V?$allocator@D@2@@std@@@2@V?$allocator@U?$pair@$$CBV?$basic_string@DU?$char_traits@D@std@@V?$allocator@D@2@@std@@UIP_ADDRESS_INFO@@@std@@@2@$0A@@std@@@2@_N@Z 004097d0 f i IpManager.obj
 0001:00008960       ?_Insert@?$_Tree@V?$_Tmap_traits@V?$basic_string@DU?$char_traits@D@std@@V?$allocator@D@2@@std@@UIP_ADDRESS_INFO@@U?$less@V?$basic_string@DU?$char_traits@D@std@@V?$allocator@D@2@@std@@@2@V?$allocator@U?$pair@$$CBV?$basic_string@DU?$char_traits@D@std@@V?$allocator@D@2@@std@@UIP_ADDRESS_INFO@@@std@@@2@$0A@@std@@@std@@IAE?AV?$_Tree_iterator@V?$_Tree_val@V?$_Tmap_traits@V?$basic_string@DU?$char_traits@D@std@@V?$allocator@D@2@@std@@UIP_ADDRESS_INFO@@U?$less@V?$basic_string@DU?$char_traits@D@std@@V?$allocator@D@2@@std@@@2@V?$allocator@U?$pair@$$CBV?$basic_string@DU?$char_traits@D@std@@V?$allocator@D@2@@std@@UIP_ADDRESS_INFO@@@std@@@2@$0A@@std@@@std@@@2@_NPAU_Node@?$_Tree_nod@V?$_Tmap_traits@V?$basic_string@DU?$char_traits@D@std@@V?$allocator@D@2@@std@@UIP_ADDRESS_INFO@@U?$less@V?$basic_string@DU?$char_traits@D@std@@V?$allocator@D@2@@std@@@2@V?$allocator@U?$pair@$$CBV?$basic_string@DU?$char_traits@D@std@@V?$allocator@D@2@@std@@UIP_ADDRESS_INFO@@@std@@@2@$0A@@std@@@2@1@Z 00409960 f i IpManager.obj
 0001:00008bc0       ??F?$_Tree_unchecked_const_iterator@V?$_Tree_val@V?$_Tmap_traits@V?$basic_string@DU?$char_traits@D@std@@V?$allocator@D@2@@std@@UIP_ADDRESS_INFO@@U?$less@V?$basic_string@DU?$char_traits@D@std@@V?$allocator@D@2@@std@@@2@V?$allocator@U?$pair@$$CBV?$basic_string@DU?$char_traits@D@std@@V?$allocator@D@2@@std@@UIP_ADDRESS_INFO@@@std@@@2@$0A@@std@@@std@@U_Iterator_base0@2@@std@@QAEAAV01@XZ 00409bc0 f i IpManager.obj
 0001:00008c20       ??$_Buynode@U?$pair@V?$basic_string@DU?$char_traits@D@std@@V?$allocator@D@2@@std@@UIP_ADDRESS_INFO@@@std@@@?$_Tree_val@V?$_Tmap_traits@V?$basic_string@DU?$char_traits@D@std@@V?$allocator@D@2@@std@@UIP_ADDRESS_INFO@@U?$less@V?$basic_string@DU?$char_traits@D@std@@V?$allocator@D@2@@std@@@2@V?$allocator@U?$pair@$$CBV?$basic_string@DU?$char_traits@D@std@@V?$allocator@D@2@@std@@UIP_ADDRESS_INFO@@@std@@@2@$0A@@std@@@std@@QAEPAU_Node@?$_Tree_nod@V?$_Tmap_traits@V?$basic_string@DU?$char_traits@D@std@@V?$allocator@D@2@@std@@UIP_ADDRESS_INFO@@U?$less@V?$basic_string@DU?$char_traits@D@std@@V?$allocator@D@2@@std@@@2@V?$allocator@U?$pair@$$CBV?$basic_string@DU?$char_traits@D@std@@V?$allocator@D@2@@std@@UIP_ADDRESS_INFO@@@std@@@2@$0A@@std@@@1@$$QAU?$pair@V?$basic_string@DU?$char_traits@D@std@@V?$allocator@D@2@@std@@UIP_ADDRESS_INFO@@@1@@Z 00409c20 f i IpManager.obj
 0001:00008d00       ?append@?$basic_string@DU?$char_traits@D@std@@V?$allocator@D@2@@std@@QAEAAV12@PBDI@Z 00409d00 f i IpManager.obj
 0001:00008e20       ??_ECLog@@UAEPAXI@Z        00409e20 f i  CIL library: CIL module
 0001:00008e20       ??_GCLog@@UAEPAXI@Z        00409e20 f i Log.obj
 0001:00008e50       ??1CLog@@UAE@XZ            00409e50 f   Log.obj
 0001:00008ea0       ?AddLog@CLog@@QAEXHPAD@Z   00409ea0 f   Log.obj
 0001:00008fc0       ?Output@CLog@@QAAXW4eLogType@@PADZZ 00409fc0 f   Log.obj
 0001:000091d0       ??_ECMemScript@@UAEPAXI@Z  0040a1d0 f i  CIL library: CIL module
 0001:000091d0       ??_GCMemScript@@UAEPAXI@Z  0040a1d0 f i MemScript.obj
 0001:00009210       ?SetBuffer@CMemScript@@QAE_NPADH@Z 0040a210 f   MemScript.obj
 0001:00009330       ?GetToken@CMemScript@@QAEHXZ 0040a330 f   MemScript.obj
 0001:00009640       ??$sprintf_s@$0BAE@@@YAHAAY0BAE@DPBDZZ 0040a640 f i MemScript.obj
 0001:00009660       ?DumpExceptionFilter@@YGJPAU_EXCEPTION_POINTERS@@@Z 0040a660 f   MiniDump.obj
 0001:00009770       ?SendProcessRequest@CProcessListInfo@@QAEXH@Z 0040a770 f   ProcessListInfo.obj
 0001:000097c0       ?RecvProcessList@CProcessListInfo@@QAEXPAUPMSG_PROCESS_INFO_DATA_RECV@@H@Z 0040a7c0 f   ProcessListInfo.obj
 0001:00009b40       ?SendProcessDumpRequest@CProcessListInfo@@QAEXH@Z 0040ab40 f   ProcessListInfo.obj
 0001:00009bd0       ?SendGetToolRequest@CProcessListInfo@@QAEXH@Z 0040abd0 f   ProcessListInfo.obj
 0001:00009cb0       ?SendCloseToolRequest@CProcessListInfo@@QAEXH@Z 0040acb0 f   ProcessListInfo.obj
 0001:00009d90       ?copy_to_clipboard@@YAXPAD@Z 0040ad90 f   ProcessListInfo.obj
 0001:00009de0       ?RecvProcessDumpRequest@CProcessListInfo@@QAEXPAUPMSG_GET_PROCESS_DUMP_RECV@@@Z 0040ade0 f   ProcessListInfo.obj
 0001:00009e50       ?AddToDump@CProcessListInfo@@QAE_NPAD@Z 0040ae50 f   ProcessListInfo.obj
 0001:0000a060       ?reserve@?$vector@UPROCESS_INFO_DATA@@V?$allocator@UPROCESS_INFO_DATA@@@std@@@std@@QAEXI@Z 0040b060 f i ProcessListInfo.obj
 0001:0000a160       ?allocate@?$allocator@UPROCESS_INFO_DATA@@@std@@QAEPAUPROCESS_INFO_DATA@@I@Z 0040b160 f i ProcessListInfo.obj
 0001:0000a1c0       ??$_Uninit_move@PAUPROCESS_INFO_DATA@@PAU1@V?$allocator@UPROCESS_INFO_DATA@@@std@@U1@@std@@YAPAUPROCESS_INFO_DATA@@PAU1@00AAV?$allocator@UPROCESS_INFO_DATA@@@0@0U_Nonscalar_ptr_iterator_tag@0@@Z 0040b1c0 f i ProcessListInfo.obj
 0001:0000a1f0       ??0CProcessManager@@QAE@XZ 0040b1f0 f   ProcessManager.obj
 0001:0000a2d0       ??_ECProcessManager@@UAEPAXI@Z 0040b2d0 f i  CIL library: CIL module
 0001:0000a2d0       ??_GCProcessManager@@UAEPAXI@Z 0040b2d0 f i ProcessManager.obj
 0001:0000a370       ?CheckProcess@CProcessManager@@QAE_NXZ 0040b370 f   ProcessManager.obj
 0001:0000a530       ?CheckProcessModule@CProcessManager@@QAE_NPAXPAD@Z 0040b530 f   ProcessManager.obj
 0001:0000a610       ?StartProcessModule@CProcessManager@@QAE_NPAXPADH@Z 0040b610 f   ProcessManager.obj
 0001:0000a760       ?ClearProcessCache@CProcessManager@@QAEXXZ 0040b760 f   ProcessManager.obj
 0001:0000a800       ?InsertProcessCacheInfo@CProcessManager@@QAEXUPROCESS_CACHE_INFO@@@Z 0040b800 f   ProcessManager.obj
 0001:0000a890       ?AddProcessCache@CProcessManager@@QAE_NK@Z 0040b890 f   ProcessManager.obj
 0001:0000a8f0       ?erase@?$_Tree@V?$_Tmap_traits@KUPROCESS_CACHE_INFO@@U?$less@K@std@@V?$allocator@U?$pair@$$CBKUPROCESS_CACHE_INFO@@@std@@@3@$0A@@std@@@std@@QAE?AV?$_Tree_iterator@V?$_Tree_val@V?$_Tmap_traits@KUPROCESS_CACHE_INFO@@U?$less@K@std@@V?$allocator@U?$pair@$$CBKUPROCESS_CACHE_INFO@@@std@@@3@$0A@@std@@@std@@@2@V?$_Tree_const_iterator@V?$_Tree_val@V?$_Tmap_traits@KUPROCESS_CACHE_INFO@@U?$less@K@std@@V?$allocator@U?$pair@$$CBKUPROCESS_CACHE_INFO@@@std@@@3@$0A@@std@@@std@@@2@@Z 0040b8f0 f i ProcessManager.obj
 0001:0000ab50       ?find@?$_Tree@V?$_Tmap_traits@KUPROCESS_CACHE_INFO@@U?$less@K@std@@V?$allocator@U?$pair@$$CBKUPROCESS_CACHE_INFO@@@std@@@3@$0A@@std@@@std@@QAE?AV?$_Tree_iterator@V?$_Tree_val@V?$_Tmap_traits@KUPROCESS_CACHE_INFO@@U?$less@K@std@@V?$allocator@U?$pair@$$CBKUPROCESS_CACHE_INFO@@@std@@@3@$0A@@std@@@std@@@2@ABK@Z 0040bb50 f i ProcessManager.obj
 0001:0000abb0       ?_Lrotate@?$_Tree@V?$_Tmap_traits@KUPROCESS_CACHE_INFO@@U?$less@K@std@@V?$allocator@U?$pair@$$CBKUPROCESS_CACHE_INFO@@@std@@@3@$0A@@std@@@std@@IAEXPAU_Node@?$_Tree_nod@V?$_Tmap_traits@KUPROCESS_CACHE_INFO@@U?$less@K@std@@V?$allocator@U?$pair@$$CBKUPROCESS_CACHE_INFO@@@std@@@3@$0A@@std@@@2@@Z 0040bbb0 f i ProcessManager.obj
 0001:0000ac10       ?_Rrotate@?$_Tree@V?$_Tmap_traits@KUPROCESS_CACHE_INFO@@U?$less@K@std@@V?$allocator@U?$pair@$$CBKUPROCESS_CACHE_INFO@@@std@@@3@$0A@@std@@@std@@IAEXPAU_Node@?$_Tree_nod@V?$_Tmap_traits@KUPROCESS_CACHE_INFO@@U?$less@K@std@@V?$allocator@U?$pair@$$CBKUPROCESS_CACHE_INFO@@@std@@@3@$0A@@std@@@2@@Z 0040bc10 f i ProcessManager.obj
 0001:0000ac70       ??1?$_Tree_val@V?$_Tmap_traits@KUPROCESS_CACHE_INFO@@U?$less@K@std@@V?$allocator@U?$pair@$$CBKUPROCESS_CACHE_INFO@@@std@@@3@$0A@@std@@@std@@QAE@XZ 0040bc70 f i ProcessManager.obj
 0001:0000ac80       ?_Max@?$_Tree_val@V?$_Tmap_traits@KUPROCESS_CACHE_INFO@@U?$less@K@std@@V?$allocator@U?$pair@$$CBKUPROCESS_CACHE_INFO@@@std@@@3@$0A@@std@@@std@@SAPAU_Node@?$_Tree_nod@V?$_Tmap_traits@KUPROCESS_CACHE_INFO@@U?$less@K@std@@V?$allocator@U?$pair@$$CBKUPROCESS_CACHE_INFO@@@std@@@3@$0A@@std@@@2@PAU342@@Z 0040bc80 f i ProcessManager.obj
 0001:0000aca0       ?erase@?$_Tree@V?$_Tmap_traits@KUPROCESS_CACHE_INFO@@U?$less@K@std@@V?$allocator@U?$pair@$$CBKUPROCESS_CACHE_INFO@@@std@@@3@$0A@@std@@@std@@QAE?AV?$_Tree_iterator@V?$_Tree_val@V?$_Tmap_traits@KUPROCESS_CACHE_INFO@@U?$less@K@std@@V?$allocator@U?$pair@$$CBKUPROCESS_CACHE_INFO@@@std@@@3@$0A@@std@@@std@@@2@V?$_Tree_const_iterator@V?$_Tree_val@V?$_Tmap_traits@KUPROCESS_CACHE_INFO@@U?$less@K@std@@V?$allocator@U?$pair@$$CBKUPROCESS_CACHE_INFO@@@std@@@3@$0A@@std@@@std@@@2@0@Z 0040bca0 f i ProcessManager.obj
 0001:0000ad40       ??E?$_Tree_unchecked_const_iterator@V?$_Tree_val@V?$_Tmap_traits@KUPROCESS_CACHE_INFO@@U?$less@K@std@@V?$allocator@U?$pair@$$CBKUPROCESS_CACHE_INFO@@@std@@@3@$0A@@std@@@std@@U_Iterator_base0@2@@std@@QAEAAV01@XZ 0040bd40 f i ProcessManager.obj
 0001:0000ad90       ?clear@?$_Tree@V?$_Tmap_traits@KUPROCESS_CACHE_INFO@@U?$less@K@std@@V?$allocator@U?$pair@$$CBKUPROCESS_CACHE_INFO@@@std@@@3@$0A@@std@@@std@@QAEXXZ 0040bd90 f i ProcessManager.obj
 0001:0000ade0       ?_Erase@?$_Tree@V?$_Tmap_traits@KUPROCESS_CACHE_INFO@@U?$less@K@std@@V?$allocator@U?$pair@$$CBKUPROCESS_CACHE_INFO@@@std@@@3@$0A@@std@@@std@@IAEXPAU_Node@?$_Tree_nod@V?$_Tmap_traits@KUPROCESS_CACHE_INFO@@U?$less@K@std@@V?$allocator@U?$pair@$$CBKUPROCESS_CACHE_INFO@@@std@@@3@$0A@@std@@@2@@Z 0040bde0 f i ProcessManager.obj
 0001:0000ae20       ?_Linsert@?$_Tree@V?$_Tmap_traits@KUPROCESS_CACHE_INFO@@U?$less@K@std@@V?$allocator@U?$pair@$$CBKUPROCESS_CACHE_INFO@@@std@@@3@$0A@@std@@@std@@QAE?AU?$pair@V?$_Tree_iterator@V?$_Tree_val@V?$_Tmap_traits@KUPROCESS_CACHE_INFO@@U?$less@K@std@@V?$allocator@U?$pair@$$CBKUPROCESS_CACHE_INFO@@@std@@@3@$0A@@std@@@std@@@std@@_N@2@PAU_Node@?$_Tree_nod@V?$_Tmap_traits@KUPROCESS_CACHE_INFO@@U?$less@K@std@@V?$allocator@U?$pair@$$CBKUPROCESS_CACHE_INFO@@@std@@@3@$0A@@std@@@2@_N@Z 0040be20 f i ProcessManager.obj
 0001:0000aef0       ?_Insert@?$_Tree@V?$_Tmap_traits@KUPROCESS_CACHE_INFO@@U?$less@K@std@@V?$allocator@U?$pair@$$CBKUPROCESS_CACHE_INFO@@@std@@@3@$0A@@std@@@std@@IAE?AV?$_Tree_iterator@V?$_Tree_val@V?$_Tmap_traits@KUPROCESS_CACHE_INFO@@U?$less@K@std@@V?$allocator@U?$pair@$$CBKUPROCESS_CACHE_INFO@@@std@@@3@$0A@@std@@@std@@@2@_NPAU_Node@?$_Tree_nod@V?$_Tmap_traits@KUPROCESS_CACHE_INFO@@U?$less@K@std@@V?$allocator@U?$pair@$$CBKUPROCESS_CACHE_INFO@@@std@@@3@$0A@@std@@@2@1@Z 0040bef0 f i ProcessManager.obj
 0001:0000b110       ??F?$_Tree_unchecked_const_iterator@V?$_Tree_val@V?$_Tmap_traits@KUPROCESS_CACHE_INFO@@U?$less@K@std@@V?$allocator@U?$pair@$$CBKUPROCESS_CACHE_INFO@@@std@@@3@$0A@@std@@@std@@U_Iterator_base0@2@@std@@QAEAAV01@XZ 0040c110 f i ProcessManager.obj
 0001:0000b170       ??$_Buynode@U?$pair@KUPROCESS_CACHE_INFO@@@std@@@?$_Tree_val@V?$_Tmap_traits@KUPROCESS_CACHE_INFO@@U?$less@K@std@@V?$allocator@U?$pair@$$CBKUPROCESS_CACHE_INFO@@@std@@@3@$0A@@std@@@std@@QAEPAU_Node@?$_Tree_nod@V?$_Tmap_traits@KUPROCESS_CACHE_INFO@@U?$less@K@std@@V?$allocator@U?$pair@$$CBKUPROCESS_CACHE_INFO@@@std@@@3@$0A@@std@@@1@$$QAU?$pair@KUPROCESS_CACHE_INFO@@@1@@Z 0040c170 f i ProcessManager.obj
 0001:0000b1e0       ?LicenseErrorBox@@YGJPAUHWND__@@IIJ@Z 0040c1e0 f   Protection.obj
 0001:0000b2a0       ??0CProtection@@QAE@XZ     0040c2a0 f   Protection.obj
 0001:0000b300       ??_GCProtection@@UAEPAXI@Z 0040c300 f i Protection.obj
 0001:0000b300       ??_ECProtection@@UAEPAXI@Z 0040c300 f i  CIL library: CIL module
 0001:0000b330       ?CheckHosts@CProtection@@QAEXPAD@Z 0040c330 f   Protection.obj
 0001:0000b730       ??_D?$basic_fstream@DU?$char_traits@D@std@@@std@@QAEXXZ 0040c730 f i Protection.obj
 0001:0000b7a0       ?Auth@CProtection@@QAEXPAUHINSTANCE__@@PAUHWND__@@@Z 0040c7a0 f   Protection.obj
 0001:0000b8c0       ?Auth@CProtection@@QAE_NPAUHINSTANCE__@@PAUHWND__@@H@Z 0040c8c0 f   Protection.obj
 0001:0000be80       ??1?$Writer@V?$GenericStringBuffer@U?$UTF8@D@rapidjson@@VCrtAllocator@2@@rapidjson@@U?$UTF8@D@2@U32@VCrtAllocator@2@$0A@@rapidjson@@QAE@XZ 0040ce80 f i Protection.obj
 0001:0000bea0       ?InfoBox@CProtection@@QAAXPADZZ 0040cea0 f   Protection.obj
 0001:0000bf10       ?SafeExitProcess@CProtection@@QAEXXZ 0040cf10 f i Protection.obj
 0001:0000bf40       ??0?$basic_fstream@DU?$char_traits@D@std@@@std@@QAE@XZ 0040cf40 f i Protection.obj
 0001:0000c000       ?close@?$basic_fstream@DU?$char_traits@D@std@@@std@@QAEXXZ 0040d000 f i Protection.obj
 0001:0000c070       ??1?$list@V?$basic_string@DU?$char_traits@D@std@@V?$allocator@D@2@@std@@V?$allocator@V?$basic_string@DU?$char_traits@D@std@@V?$allocator@D@2@@std@@@2@@std@@QAE@XZ 0040d070 f i Protection.obj
 0001:0000c090       ??0?$GenericDocument@U?$UTF8@D@rapidjson@@V?$MemoryPoolAllocator@VCrtAllocator@rapidjson@@@2@VCrtAllocator@2@@rapidjson@@QAE@PAV?$MemoryPoolAllocator@VCrtAllocator@rapidjson@@@1@IPAVCrtAllocator@1@@Z 0040d090 f i Protection.obj
 0001:0000c140       ??1?$GenericDocument@U?$UTF8@D@rapidjson@@V?$MemoryPoolAllocator@VCrtAllocator@rapidjson@@@2@VCrtAllocator@2@@rapidjson@@QAE@XZ 0040d140 f i Protection.obj
 0001:0000c180       ??_E?$basic_fstream@DU?$char_traits@D@std@@@std@@UAEPAXI@Z 0040d180 f i  CIL library: CIL module
 0001:0000c180       ??_G?$basic_fstream@DU?$char_traits@D@std@@@std@@UAEPAXI@Z 0040d180 f i Protection.obj
 0001:0000c210       ??0?$MemoryPoolAllocator@VCrtAllocator@rapidjson@@@rapidjson@@QAE@IPAVCrtAllocator@1@@Z 0040d210 f i Protection.obj
 0001:0000c290       ?clear@?$list@V?$basic_string@DU?$char_traits@D@std@@V?$allocator@D@2@@std@@V?$allocator@V?$basic_string@DU?$char_traits@D@std@@V?$allocator@D@2@@std@@@2@@std@@QAEXXZ 0040d290 f i Protection.obj
 0001:0000c2f0       ?_Buynode@?$_List_val@V?$basic_string@DU?$char_traits@D@std@@V?$allocator@D@2@@std@@V?$allocator@V?$basic_string@DU?$char_traits@D@std@@V?$allocator@D@2@@std@@@2@@std@@QAEPAU_Node@?$_List_nod@V?$basic_string@DU?$char_traits@D@std@@V?$allocator@D@2@@std@@V?$allocator@V?$basic_string@DU?$char_traits@D@std@@V?$allocator@D@2@@std@@@2@@2@PAU342@0ABV?$basic_string@DU?$char_traits@D@std@@V?$allocator@D@2@@2@@Z 0040d2f0 f i Protection.obj
 0001:0000c3c0       ??1?$MemoryPoolAllocator@VCrtAllocator@rapidjson@@@rapidjson@@QAE@XZ 0040d3c0 f i Protection.obj
 0001:0000c430       ??$Accept@V?$Writer@V?$GenericStringBuffer@U?$UTF8@D@rapidjson@@VCrtAllocator@2@@rapidjson@@U?$UTF8@D@2@U32@VCrtAllocator@2@$0A@@rapidjson@@@?$GenericValue@U?$UTF8@D@rapidjson@@V?$MemoryPoolAllocator@VCrtAllocator@rapidjson@@@2@@rapidjson@@QBE_NAAV?$Writer@V?$GenericStringBuffer@U?$UTF8@D@rapidjson@@VCrtAllocator@2@@rapidjson@@U?$UTF8@D@2@U32@VCrtAllocator@2@$0A@@1@@Z 0040d430 f i Protection.obj
 0001:0000c750       ??$?A$$CBD@?$GenericValue@U?$UTF8@D@rapidjson@@V?$MemoryPoolAllocator@VCrtAllocator@rapidjson@@@2@@rapidjson@@QAEAAV01@PBD@Z 0040d750 f i Protection.obj
 0001:0000c7f0       ?Null@?$Writer@V?$GenericStringBuffer@U?$UTF8@D@rapidjson@@VCrtAllocator@2@@rapidjson@@U?$UTF8@D@2@U32@VCrtAllocator@2@$0A@@rapidjson@@QAE_NXZ 0040d7f0 f i Protection.obj
 0001:0000c850       ?Int@?$Writer@V?$GenericStringBuffer@U?$UTF8@D@rapidjson@@VCrtAllocator@2@@rapidjson@@U?$UTF8@D@2@U32@VCrtAllocator@2@$0A@@rapidjson@@QAE_NH@Z 0040d850 f i Protection.obj
 0001:0000c8b0       ?Uint@?$Writer@V?$GenericStringBuffer@U?$UTF8@D@rapidjson@@VCrtAllocator@2@@rapidjson@@U?$UTF8@D@2@U32@VCrtAllocator@2@$0A@@rapidjson@@QAE_NI@Z 0040d8b0 f i Protection.obj
 0001:0000c900       ?Int64@?$Writer@V?$GenericStringBuffer@U?$UTF8@D@rapidjson@@VCrtAllocator@2@@rapidjson@@U?$UTF8@D@2@U32@VCrtAllocator@2@$0A@@rapidjson@@QAE_N_J@Z 0040d900 f i Protection.obj
 0001:0000c970       ?Uint64@?$Writer@V?$GenericStringBuffer@U?$UTF8@D@rapidjson@@VCrtAllocator@2@@rapidjson@@U?$UTF8@D@2@U32@VCrtAllocator@2@$0A@@rapidjson@@QAE_N_K@Z 0040d970 f i Protection.obj
 0001:0000c9c0       ?StartObject@?$Writer@V?$GenericStringBuffer@U?$UTF8@D@rapidjson@@VCrtAllocator@2@@rapidjson@@U?$UTF8@D@2@U32@VCrtAllocator@2@$0A@@rapidjson@@QAE_NXZ 0040d9c0 f i Protection.obj
 0001:0000ca20       ?StartArray@?$Writer@V?$GenericStringBuffer@U?$UTF8@D@rapidjson@@VCrtAllocator@2@@rapidjson@@U?$UTF8@D@2@U32@VCrtAllocator@2@$0A@@rapidjson@@QAE_NXZ 0040da20 f i Protection.obj
 0001:0000ca80       ?WriteString@?$Writer@V?$GenericStringBuffer@U?$UTF8@D@rapidjson@@VCrtAllocator@2@@rapidjson@@U?$UTF8@D@2@U32@VCrtAllocator@2@$0A@@rapidjson@@IAE_NPBDI@Z 0040da80 f i Protection.obj
 0001:0000cb90       ?Prefix@?$Writer@V?$GenericStringBuffer@U?$UTF8@D@rapidjson@@VCrtAllocator@2@@rapidjson@@U?$UTF8@D@2@U32@VCrtAllocator@2@$0A@@rapidjson@@IAEXW4Type@2@@Z 0040db90 f i Protection.obj
 0001:0000cc10       ??$ParseStream@$0A@U?$UTF8@D@rapidjson@@U?$GenericStringStream@U?$UTF8@D@rapidjson@@@2@@?$GenericDocument@U?$UTF8@D@rapidjson@@V?$MemoryPoolAllocator@VCrtAllocator@rapidjson@@@2@VCrtAllocator@2@@rapidjson@@QAEAAV01@AAU?$GenericStringStream@U?$UTF8@D@rapidjson@@@1@@Z 0040dc10 f i Protection.obj
 0001:0000cd00       ??1?$GenericReader@U?$UTF8@D@rapidjson@@U12@VCrtAllocator@2@@rapidjson@@QAE@XZ 0040dd00 f i Protection.obj
 0001:0000cd00       ??1?$GenericStringBuffer@U?$UTF8@D@rapidjson@@VCrtAllocator@2@@rapidjson@@QAE@XZ 0040dd00 f i Protection.obj
 0001:0000cd00       ??1?$Stack@VCrtAllocator@rapidjson@@@internal@rapidjson@@QAE@XZ 0040dd00 f i Protection.obj
 0001:0000cd20       ??1ClearStackOnExit@?$GenericDocument@U?$UTF8@D@rapidjson@@V?$MemoryPoolAllocator@VCrtAllocator@rapidjson@@@2@VCrtAllocator@2@@rapidjson@@QAE@XZ 0040dd20 f i Protection.obj
 0001:0000cd40       ?ShrinkToFit@?$Stack@VCrtAllocator@rapidjson@@@internal@rapidjson@@QAEXXZ 0040dd40 f i Protection.obj
 0001:0000cda0       ??$Parse@$0A@U?$GenericStringStream@U?$UTF8@D@rapidjson@@@rapidjson@@V?$GenericDocument@U?$UTF8@D@rapidjson@@V?$MemoryPoolAllocator@VCrtAllocator@rapidjson@@@2@VCrtAllocator@2@@2@@?$GenericReader@U?$UTF8@D@rapidjson@@U12@VCrtAllocator@2@@rapidjson@@QAE?AUParseResult@1@AAU?$GenericStringStream@U?$UTF8@D@rapidjson@@@1@AAV?$GenericDocument@U?$UTF8@D@rapidjson@@V?$MemoryPoolAllocator@VCrtAllocator@rapidjson@@@2@VCrtAllocator@2@@1@@Z 0040dda0 f i Protection.obj
 0001:0000cec0       ??$FindMember@V?$MemoryPoolAllocator@VCrtAllocator@rapidjson@@@rapidjson@@@?$GenericValue@U?$UTF8@D@rapidjson@@V?$MemoryPoolAllocator@VCrtAllocator@rapidjson@@@2@@rapidjson@@QAE?AV?$GenericMemberIterator@$0A@U?$UTF8@D@rapidjson@@V?$MemoryPoolAllocator@VCrtAllocator@rapidjson@@@2@@1@ABV01@@Z 0040dec0 f i Protection.obj
 0001:0000d000       ??1ClearStackOnExit@?$GenericReader@U?$UTF8@D@rapidjson@@U12@VCrtAllocator@2@@rapidjson@@QAE@XZ 0040e000 f i Protection.obj
 0001:0000d010       ??$SkipWhitespaceAndComments@$0A@U?$GenericStringStream@U?$UTF8@D@rapidjson@@@rapidjson@@@?$GenericReader@U?$UTF8@D@rapidjson@@U12@VCrtAllocator@2@@rapidjson@@AAEXAAU?$GenericStringStream@U?$UTF8@D@rapidjson@@@1@@Z 0040e010 f i Protection.obj
 0001:0000d040       ??$ParseValue@$0A@U?$GenericStringStream@U?$UTF8@D@rapidjson@@@rapidjson@@V?$GenericDocument@U?$UTF8@D@rapidjson@@V?$MemoryPoolAllocator@VCrtAllocator@rapidjson@@@2@VCrtAllocator@2@@2@@?$GenericReader@U?$UTF8@D@rapidjson@@U12@VCrtAllocator@2@@rapidjson@@AAEXAAU?$GenericStringStream@U?$UTF8@D@rapidjson@@@1@AAV?$GenericDocument@U?$UTF8@D@rapidjson@@V?$MemoryPoolAllocator@VCrtAllocator@rapidjson@@@2@VCrtAllocator@2@@1@@Z 0040e040 f i Protection.obj
 0001:0000d180       ??$Expand@ULevel@?$Writer@V?$GenericStringBuffer@U?$UTF8@D@rapidjson@@VCrtAllocator@2@@rapidjson@@U?$UTF8@D@2@U32@VCrtAllocator@2@$0A@@rapidjson@@@?$Stack@VCrtAllocator@rapidjson@@@internal@rapidjson@@AAEXI@Z 0040e180 f i Protection.obj
 0001:0000d220       ??$ParseNull@$0A@U?$GenericStringStream@U?$UTF8@D@rapidjson@@@rapidjson@@V?$GenericDocument@U?$UTF8@D@rapidjson@@V?$MemoryPoolAllocator@VCrtAllocator@rapidjson@@@2@VCrtAllocator@2@@2@@?$GenericReader@U?$UTF8@D@rapidjson@@U12@VCrtAllocator@2@@rapidjson@@AAEXAAU?$GenericStringStream@U?$UTF8@D@rapidjson@@@1@AAV?$GenericDocument@U?$UTF8@D@rapidjson@@V?$MemoryPoolAllocator@VCrtAllocator@rapidjson@@@2@VCrtAllocator@2@@1@@Z 0040e220 f i Protection.obj
 0001:0000d280       ??$ParseTrue@$0A@U?$GenericStringStream@U?$UTF8@D@rapidjson@@@rapidjson@@V?$GenericDocument@U?$UTF8@D@rapidjson@@V?$MemoryPoolAllocator@VCrtAllocator@rapidjson@@@2@VCrtAllocator@2@@2@@?$GenericReader@U?$UTF8@D@rapidjson@@U12@VCrtAllocator@2@@rapidjson@@AAEXAAU?$GenericStringStream@U?$UTF8@D@rapidjson@@@1@AAV?$GenericDocument@U?$UTF8@D@rapidjson@@V?$MemoryPoolAllocator@VCrtAllocator@rapidjson@@@2@VCrtAllocator@2@@1@@Z 0040e280 f i Protection.obj
 0001:0000d300       ??$ParseFalse@$0A@U?$GenericStringStream@U?$UTF8@D@rapidjson@@@rapidjson@@V?$GenericDocument@U?$UTF8@D@rapidjson@@V?$MemoryPoolAllocator@VCrtAllocator@rapidjson@@@2@VCrtAllocator@2@@2@@?$GenericReader@U?$UTF8@D@rapidjson@@U12@VCrtAllocator@2@@rapidjson@@AAEXAAU?$GenericStringStream@U?$UTF8@D@rapidjson@@@1@AAV?$GenericDocument@U?$UTF8@D@rapidjson@@V?$MemoryPoolAllocator@VCrtAllocator@rapidjson@@@2@VCrtAllocator@2@@1@@Z 0040e300 f i Protection.obj
 0001:0000d380       ??$ParseString@$0A@U?$GenericStringStream@U?$UTF8@D@rapidjson@@@rapidjson@@V?$GenericDocument@U?$UTF8@D@rapidjson@@V?$MemoryPoolAllocator@VCrtAllocator@rapidjson@@@2@VCrtAllocator@2@@2@@?$GenericReader@U?$UTF8@D@rapidjson@@U12@VCrtAllocator@2@@rapidjson@@AAEXAAU?$GenericStringStream@U?$UTF8@D@rapidjson@@@1@AAV?$GenericDocument@U?$UTF8@D@rapidjson@@V?$MemoryPoolAllocator@VCrtAllocator@rapidjson@@@2@VCrtAllocator@2@@1@_N@Z 0040e380 f i Protection.obj
 0001:0000d660       ??$ParseObject@$0A@U?$GenericStringStream@U?$UTF8@D@rapidjson@@@rapidjson@@V?$GenericDocument@U?$UTF8@D@rapidjson@@V?$MemoryPoolAllocator@VCrtAllocator@rapidjson@@@2@VCrtAllocator@2@@2@@?$GenericReader@U?$UTF8@D@rapidjson@@U12@VCrtAllocator@2@@rapidjson@@AAEXAAU?$GenericStringStream@U?$UTF8@D@rapidjson@@@1@AAV?$GenericDocument@U?$UTF8@D@rapidjson@@V?$MemoryPoolAllocator@VCrtAllocator@rapidjson@@@2@VCrtAllocator@2@@1@@Z 0040e660 f i Protection.obj
 0001:0000d840       ??$ParseArray@$0A@U?$GenericStringStream@U?$UTF8@D@rapidjson@@@rapidjson@@V?$GenericDocument@U?$UTF8@D@rapidjson@@V?$MemoryPoolAllocator@VCrtAllocator@rapidjson@@@2@VCrtAllocator@2@@2@@?$GenericReader@U?$UTF8@D@rapidjson@@U12@VCrtAllocator@2@@rapidjson@@AAEXAAU?$GenericStringStream@U?$UTF8@D@rapidjson@@@1@AAV?$GenericDocument@U?$UTF8@D@rapidjson@@V?$MemoryPoolAllocator@VCrtAllocator@rapidjson@@@2@VCrtAllocator@2@@1@@Z 0040e840 f i Protection.obj
 0001:0000d9b0       ??$ParseNumber@$0A@U?$GenericStringStream@U?$UTF8@D@rapidjson@@@rapidjson@@V?$GenericDocument@U?$UTF8@D@rapidjson@@V?$MemoryPoolAllocator@VCrtAllocator@rapidjson@@@2@VCrtAllocator@2@@2@@?$GenericReader@U?$UTF8@D@rapidjson@@U12@VCrtAllocator@2@@rapidjson@@AAEXAAU?$GenericStringStream@U?$UTF8@D@rapidjson@@@1@AAV?$GenericDocument@U?$UTF8@D@rapidjson@@V?$MemoryPoolAllocator@VCrtAllocator@rapidjson@@@2@VCrtAllocator@2@@1@@Z 0040e9b0 f i Protection.obj
 0001:0000e030       ?Null@?$GenericDocument@U?$UTF8@D@rapidjson@@V?$MemoryPoolAllocator@VCrtAllocator@rapidjson@@@2@VCrtAllocator@2@@rapidjson@@QAE_NXZ 0040f030 f i Protection.obj
 0001:0000e070       ?Int@?$GenericDocument@U?$UTF8@D@rapidjson@@V?$MemoryPoolAllocator@VCrtAllocator@rapidjson@@@2@VCrtAllocator@2@@rapidjson@@QAE_NH@Z 0040f070 f i Protection.obj
 0001:0000e0c0       ?Uint@?$GenericDocument@U?$UTF8@D@rapidjson@@V?$MemoryPoolAllocator@VCrtAllocator@rapidjson@@@2@VCrtAllocator@2@@rapidjson@@QAE_NI@Z 0040f0c0 f i Protection.obj
 0001:0000e110       ?Int64@?$GenericDocument@U?$UTF8@D@rapidjson@@V?$MemoryPoolAllocator@VCrtAllocator@rapidjson@@@2@VCrtAllocator@2@@rapidjson@@QAE_N_J@Z 0040f110 f i Protection.obj
 0001:0000e150       ?Uint64@?$GenericDocument@U?$UTF8@D@rapidjson@@V?$MemoryPoolAllocator@VCrtAllocator@rapidjson@@@2@VCrtAllocator@2@@rapidjson@@QAE_N_K@Z 0040f150 f i Protection.obj
 0001:0000e1d0       ?Key@?$GenericDocument@U?$UTF8@D@rapidjson@@V?$MemoryPoolAllocator@VCrtAllocator@rapidjson@@@2@VCrtAllocator@2@@rapidjson@@QAE_NPBDI_N@Z 0040f1d0 f i Protection.obj
 0001:0000e1d0       ?String@?$GenericDocument@U?$UTF8@D@rapidjson@@V?$MemoryPoolAllocator@VCrtAllocator@rapidjson@@@2@VCrtAllocator@2@@rapidjson@@QAE_NPBDI_N@Z 0040f1d0 f i Protection.obj
 0001:0000e270       ??1?$StreamLocalCopy@U?$GenericStringStream@U?$UTF8@D@rapidjson@@@rapidjson@@$00@internal@rapidjson@@QAE@XZ 0040f270 f i Protection.obj
 0001:0000e280       ??0?$GenericValue@U?$UTF8@D@rapidjson@@V?$MemoryPoolAllocator@VCrtAllocator@rapidjson@@@2@@rapidjson@@QAE@_J@Z 0040f280 f i Protection.obj
 0001:0000e300       ?SetArrayRaw@?$GenericValue@U?$UTF8@D@rapidjson@@V?$MemoryPoolAllocator@VCrtAllocator@rapidjson@@@2@@rapidjson@@AAEXPAV12@IAAV?$MemoryPoolAllocator@VCrtAllocator@rapidjson@@@2@@Z 0040f300 f i Protection.obj
 0001:0000e3a0       ?SetObjectRaw@?$GenericValue@U?$UTF8@D@rapidjson@@V?$MemoryPoolAllocator@VCrtAllocator@rapidjson@@@2@@rapidjson@@AAEXPAV?$GenericMember@U?$UTF8@D@rapidjson@@V?$MemoryPoolAllocator@VCrtAllocator@rapidjson@@@2@@2@IAAV?$MemoryPoolAllocator@VCrtAllocator@rapidjson@@@2@@Z 0040f3a0 f i Protection.obj
 0001:0000e440       ?SetStringRaw@?$GenericValue@U?$UTF8@D@rapidjson@@V?$MemoryPoolAllocator@VCrtAllocator@rapidjson@@@2@@rapidjson@@AAEXU?$GenericStringRef@D@2@AAV?$MemoryPoolAllocator@VCrtAllocator@rapidjson@@@2@@Z 0040f440 f i Protection.obj
 0001:0000e4e0       ?AddChunk@?$MemoryPoolAllocator@VCrtAllocator@rapidjson@@@rapidjson@@AAE_NI@Z 0040f4e0 f i Protection.obj
 0001:0000e540       ??$ParseHex4@U?$GenericStringStream@U?$UTF8@D@rapidjson@@@rapidjson@@@?$GenericReader@U?$UTF8@D@rapidjson@@U12@VCrtAllocator@2@@rapidjson@@AAEIAAU?$GenericStringStream@U?$UTF8@D@rapidjson@@@1@I@Z 0040f540 f i Protection.obj
 0001:0000e5b0       ??$Encode@V?$StackStream@D@?$GenericReader@U?$UTF8@D@rapidjson@@U12@VCrtAllocator@2@@rapidjson@@@?$UTF8@D@rapidjson@@SAXAAV?$StackStream@D@?$GenericReader@U?$UTF8@D@rapidjson@@U12@VCrtAllocator@2@@1@I@Z 0040f5b0 f i Protection.obj
 0001:0000e6d0       ??$Expand@V?$GenericValue@U?$UTF8@D@rapidjson@@V?$MemoryPoolAllocator@VCrtAllocator@rapidjson@@@2@@rapidjson@@@?$Stack@VCrtAllocator@rapidjson@@@internal@rapidjson@@AAEXI@Z 0040f6d0 f i Protection.obj
 0001:0000e770       ?StrtodNormalPrecision@internal@rapidjson@@YANNH@Z 0040f770 f i Protection.obj
 0001:0000e7e0       ?NormalizeBoundary@DiyFp@internal@rapidjson@@QBE?AU123@XZ 0040f7e0 f i Protection.obj
 0001:0000e850       ?NormalizedBoundaries@DiyFp@internal@rapidjson@@QBEXPAU123@0@Z 0040f850 f i Protection.obj
 0001:0000e910       ?GetCachedPower@internal@rapidjson@@YA?AUDiyFp@12@HPAH@Z 0040f910 f i Protection.obj
 0001:0000e990       ??DDiyFp@internal@rapidjson@@QBE?AU012@ABU012@@Z 0040f990 f i Protection.obj
 0001:0000ea50       ?CountDecimalDigit32@internal@rapidjson@@YAHI@Z 0040fa50 f i Protection.obj
 0001:0000eac0       ?GrisuRound@internal@rapidjson@@YAXPADH_K111@Z 0040fac0 f i Protection.obj
 0001:0000eb60       ?DigitGen@internal@rapidjson@@YAXABUDiyFp@12@0_KPADPAH3@Z 0040fb60 f i Protection.obj
 0001:0000ee60       ?Grisu2@internal@rapidjson@@YAXNPADPAH1@Z 0040fe60 f i Protection.obj
 0001:0000ef90       ?WriteExponent@internal@rapidjson@@YAPADHPAD@Z 0040ff90 f i Protection.obj
 0001:0000f000       ?Prettify@internal@rapidjson@@YAPADPADHHH@Z 00410000 f i Protection.obj
 0001:0000f170       ?dtoa@internal@rapidjson@@YAPADNPADH@Z 00410170 f i Protection.obj
 0001:0000f200       ?WriteDouble@?$Writer@V?$GenericStringBuffer@U?$UTF8@D@rapidjson@@VCrtAllocator@2@@rapidjson@@U?$UTF8@D@2@U32@VCrtAllocator@2@$0A@@rapidjson@@IAE_NN@Z 00410200 f i Protection.obj
 0001:0000f280       ?u64toa@internal@rapidjson@@YAPAD_KPAD@Z 00410280 f i Protection.obj
 0001:0000f800       ??$Expand@D@?$Stack@VCrtAllocator@rapidjson@@@internal@rapidjson@@AAEXI@Z 00410800 f i Protection.obj
 0001:0000f8a0       ?u32toa@internal@rapidjson@@YAPADIPAD@Z 004108a0 f i Protection.obj
 0001:0000fab0       ??_GCQueue@@UAEPAXI@Z      00410ab0 f i Queue.obj
 0001:0000fab0       ??_ECQueue@@UAEPAXI@Z      00410ab0 f i  CIL library: CIL module
 0001:0000fb40       ??1?$queue@UQUEUE_INFO@@V?$deque@UQUEUE_INFO@@V?$allocator@UQUEUE_INFO@@@std@@@std@@@std@@QAE@XZ 00410b40 f i Queue.obj
 0001:0000fb60       ??1CQueue@@UAE@XZ          00410b60 f   Queue.obj
 0001:0000fbe0       ?ClearQueue@CQueue@@QAEXXZ 00410be0 f   Queue.obj
 0001:0000fcf0       ?_Tidy@?$deque@UQUEUE_INFO@@V?$allocator@UQUEUE_INFO@@@std@@@std@@IAEXXZ 00410cf0 f i Queue.obj
 0001:0000fd60       ?begin@?$deque@UQUEUE_INFO@@V?$allocator@UQUEUE_INFO@@@std@@@std@@QAE?AV?$_Deque_iterator@UQUEUE_INFO@@V?$allocator@UQUEUE_INFO@@@std@@@2@XZ 00410d60 f i Queue.obj
 0001:0000fd80       ?_Growmap@?$deque@UQUEUE_INFO@@V?$allocator@UQUEUE_INFO@@@std@@@std@@IAEXI@Z 00410d80 f i Queue.obj
 0001:0000ff10       ??1CReadFiles@@QAE@XZ      00410f10 f i ReadFiles.obj
 0001:0000ffd0       ?DumpList@CReadFiles@@QAEXPAD@Z 00410fd0 f   ReadFiles.obj
 0001:00010280       ?ChecksumList@CReadFiles@@QAEXPAD@Z 00411280 f   ReadFiles.obj
 0001:000103f0       ?InternalList@CReadFiles@@QAEXPAD@Z 004113f0 f   ReadFiles.obj
 0001:00010610       ?WindowList@CReadFiles@@QAEXPAD@Z 00411610 f   ReadFiles.obj
 0001:00010760       ?BadWords@CReadFiles@@QAEXPAD@Z 00411760 f   ReadFiles.obj
 0001:000108b0       ?UpdateInternalList@CReadFiles@@QAEXXZ 004118b0 f   ReadFiles.obj
 0001:00010b70       ?push_back@?$vector@UCSUM_LIST_INFO@@V?$allocator@UCSUM_LIST_INFO@@@std@@@std@@QAEXABUCSUM_LIST_INFO@@@Z 00411b70 f i ReadFiles.obj
 0001:00010bd0       ?clear@?$vector@UCSUM_LIST_INFO@@V?$allocator@UCSUM_LIST_INFO@@@std@@@std@@QAEXXZ 00411bd0 f i ReadFiles.obj
 0001:00010c20       ?clear@?$vector@UITRN_LIST_INFO@@V?$allocator@UITRN_LIST_INFO@@@std@@@std@@QAEXXZ 00411c20 f i ReadFiles.obj
 0001:00010c70       ?push_back@?$vector@UBDW_LIST_INFO@@V?$allocator@UBDW_LIST_INFO@@@std@@@std@@QAEXABUBDW_LIST_INFO@@@Z 00411c70 f i ReadFiles.obj
 0001:00010c70       ?push_back@?$vector@UWNDW_LIST_INFO@@V?$allocator@UWNDW_LIST_INFO@@@std@@@std@@QAEXABUWNDW_LIST_INFO@@@Z 00411c70 f i ReadFiles.obj
 0001:00010cd0       ?clear@?$vector@UWNDW_LIST_INFO@@V?$allocator@UWNDW_LIST_INFO@@@std@@@std@@QAEXXZ 00411cd0 f i ReadFiles.obj
 0001:00010cd0       ?clear@?$vector@UBDW_LIST_INFO@@V?$allocator@UBDW_LIST_INFO@@@std@@@std@@QAEXXZ 00411cd0 f i ReadFiles.obj
 0001:00010d20       ?_Reserve@?$vector@UDUMP_LIST_INFO@@V?$allocator@UDUMP_LIST_INFO@@@std@@@std@@IAEXI@Z 00411d20 f i ReadFiles.obj
 0001:00010d90       ?_Reserve@?$vector@UCSUM_LIST_INFO@@V?$allocator@UCSUM_LIST_INFO@@@std@@@std@@IAEXI@Z 00411d90 f i ReadFiles.obj
 0001:00010e00       ?_Reserve@?$vector@UITRN_LIST_INFO@@V?$allocator@UITRN_LIST_INFO@@@std@@@std@@IAEXI@Z 00411e00 f i ReadFiles.obj
 0001:00010e70       ?_Reserve@?$vector@UBDW_LIST_INFO@@V?$allocator@UBDW_LIST_INFO@@@std@@@std@@IAEXI@Z 00411e70 f i ReadFiles.obj
 0001:00010e70       ?_Reserve@?$vector@UWNDW_LIST_INFO@@V?$allocator@UWNDW_LIST_INFO@@@std@@@std@@IAEXI@Z 00411e70 f i ReadFiles.obj
 0001:00010ee0       ?reserve@?$vector@UDUMP_LIST_INFO@@V?$allocator@UDUMP_LIST_INFO@@@std@@@std@@QAEXI@Z 00411ee0 f i ReadFiles.obj
 0001:00010fd0       ?reserve@?$vector@UCSUM_LIST_INFO@@V?$allocator@UCSUM_LIST_INFO@@@std@@@std@@QAEXI@Z 00411fd0 f i ReadFiles.obj
 0001:000110c0       ?reserve@?$vector@UITRN_LIST_INFO@@V?$allocator@UITRN_LIST_INFO@@@std@@@std@@QAEXI@Z 004120c0 f i ReadFiles.obj
 0001:000111b0       ?reserve@?$vector@UWNDW_LIST_INFO@@V?$allocator@UWNDW_LIST_INFO@@@std@@@std@@QAEXI@Z 004121b0 f i ReadFiles.obj
 0001:000111b0       ?reserve@?$vector@UBDW_LIST_INFO@@V?$allocator@UBDW_LIST_INFO@@@std@@@std@@QAEXI@Z 004121b0 f i ReadFiles.obj
 0001:000112a0       ?allocate@?$allocator@UDUMP_LIST_INFO@@@std@@QAEPAUDUMP_LIST_INFO@@I@Z 004122a0 f i ReadFiles.obj
 0001:00011300       ?allocate@?$allocator@UCSUM_LIST_INFO@@@std@@QAEPAUCSUM_LIST_INFO@@I@Z 00412300 f i ReadFiles.obj
 0001:00011360       ?allocate@?$allocator@UITRN_LIST_INFO@@@std@@QAEPAUITRN_LIST_INFO@@I@Z 00412360 f i ReadFiles.obj
 0001:000113c0       ?allocate@?$allocator@UWNDW_LIST_INFO@@@std@@QAEPAUWNDW_LIST_INFO@@I@Z 004123c0 f i ReadFiles.obj
 0001:000113c0       ?allocate@?$allocator@UBDW_LIST_INFO@@@std@@QAEPAUBDW_LIST_INFO@@I@Z 004123c0 f i ReadFiles.obj
 0001:00011420       ??$_Uninit_move@PAUDUMP_LIST_INFO@@PAU1@V?$allocator@UDUMP_LIST_INFO@@@std@@U1@@std@@YAPAUDUMP_LIST_INFO@@PAU1@00AAV?$allocator@UDUMP_LIST_INFO@@@0@0U_Nonscalar_ptr_iterator_tag@0@@Z 00412420 f i ReadFiles.obj
 0001:00011450       ??$_Uninit_move@PAUCSUM_LIST_INFO@@PAU1@V?$allocator@UCSUM_LIST_INFO@@@std@@U1@@std@@YAPAUCSUM_LIST_INFO@@PAU1@00AAV?$allocator@UCSUM_LIST_INFO@@@0@0U_Nonscalar_ptr_iterator_tag@0@@Z 00412450 f i ReadFiles.obj
 0001:00011480       ??$_Uninit_move@PAUITRN_LIST_INFO@@PAU1@V?$allocator@UITRN_LIST_INFO@@@std@@U1@@std@@YAPAUITRN_LIST_INFO@@PAU1@00AAV?$allocator@UITRN_LIST_INFO@@@0@0U_Nonscalar_ptr_iterator_tag@0@@Z 00412480 f i ReadFiles.obj
 0001:000114b0       ??$_Uninit_move@PAUBDW_LIST_INFO@@PAU1@V?$allocator@UBDW_LIST_INFO@@@std@@U1@@std@@YAPAUBDW_LIST_INFO@@PAU1@00AAV?$allocator@UBDW_LIST_INFO@@@0@0U_Nonscalar_ptr_iterator_tag@0@@Z 004124b0 f i ReadFiles.obj
 0001:000114b0       ??$_Uninit_move@PAUWNDW_LIST_INFO@@PAU1@V?$allocator@UWNDW_LIST_INFO@@@std@@U1@@std@@YAPAUWNDW_LIST_INFO@@PAU1@00AAV?$allocator@UWNDW_LIST_INFO@@@0@0U_Nonscalar_ptr_iterator_tag@0@@Z 004124b0 f i ReadFiles.obj
 0001:000114e0       ?WriteCallback@CRESTfulAPI@@SAIPAXII0@Z 004124e0 f   RESTfulAPI.obj
 0001:00011500       ?Request@CRESTfulAPI@@QAE?AV?$basic_string@DU?$char_traits@D@std@@V?$allocator@D@2@@std@@W4API_METHOD@@V23@1_N@Z 00412500 f   RESTfulAPI.obj
 0001:00011630       ??0CScreenShot@@QAE@XZ     00412630 f   ScreenShot.obj
 0001:000116c0       ?SendRequest@CScreenShot@@QAEXH@Z 004126c0 f   ScreenShot.obj
 0001:00011700       ?RecvInfo@CScreenShot@@QAEXPAUPMSG_SCREENSHOT_RECV@@H@Z 00412700 f   ScreenShot.obj
 0001:000118f0       ?SaveScreen@CScreenShot@@QAEXPAD0H@Z 004128f0 f   ScreenShot.obj
 0001:00011e10       ??4?$vector@EV?$allocator@E@std@@@std@@QAEAAV01@ABV01@@Z 00412e10 f i ScreenShot.obj
 0001:00011f10       ?_Buy@?$vector@EV?$allocator@E@std@@@std@@IAE_NI@Z 00412f10 f i ScreenShot.obj
 0001:00011f50       ?reserve@?$vector@EV?$allocator@E@std@@@std@@QAEXI@Z 00412f50 f i ScreenShot.obj
 0001:00011fe0       ?allocate@?$allocator@E@std@@QAEPAEI@Z 00412fe0 f i ScreenShot.obj
 0001:00011fe0       ?allocate@?$allocator@D@std@@QAEPADI@Z 00412fe0 f i pugixml.obj
 0001:00012030       ??$AtlConvAllocMemory@_W@ATL@@YAXPAPA_WHPA_WH@Z 00413030 f i ScreenShot.obj
 0001:000120c0       ?AtlThrowLastWin32@ATL@@YGXXZ 004130c0 f i ScreenShot.obj
 0001:000120e0       ?Init@?$CA2WEX@$0IA@@ATL@@AAEXPBDI@Z 004130e0 f i ScreenShot.obj
 0001:000121a0       ??1?$CA2WEX@$0IA@@ATL@@QAE@XZ 004131a0 f i ScreenShot.obj
 0001:000121c0       ?AtlFindStringResourceInstance@ATL@@YAPAUHINSTANCE__@@IG@Z 004131c0 f i ScreenShot.obj
 0001:00012240       ?_AtlGetStringResourceImage@ATL@@YAPBUATLSTRINGRESOURCEIMAGE@1@PAUHINSTANCE__@@PAUHRSRC__@@I@Z 00413240 f i ScreenShot.obj
 0001:000122a0       ?ConvertToBaseType@?$ChTraitsCRT@_W@ATL@@SAXPA_WHPB_WH@Z 004132a0 f i ScreenShot.obj
 0001:00012370       ?LoadStringA@?$CStringT@_WV?$StrTraitATL@_WV?$ChTraitsCRT@_W@ATL@@@ATL@@@ATL@@QAEHPAUHINSTANCE__@@I@Z 00413370 f i ScreenShot.obj
 0001:00012410       ?Empty@?$CSimpleStringT@_W$0A@@ATL@@QAEXXZ 00413410 f i ScreenShot.obj
 0001:00012470       ?Fork@?$CSimpleStringT@_W$0A@@ATL@@AAEXH@Z 00413470 f i ScreenShot.obj
 0001:00012500       ?Reallocate@?$CSimpleStringT@_W$0A@@ATL@@AAEXH@Z 00413500 f i ScreenShot.obj
 0001:00012530       ?PrepareWrite2@?$CSimpleStringT@_W$0A@@ATL@@AAEXH@Z 00413530 f i ScreenShot.obj
 0001:00012590       ?SetString@?$CSimpleStringT@_W$0A@@ATL@@QAEXPB_WH@Z 00413590 f i ScreenShot.obj
 0001:00012640       ?CloneData@?$CSimpleStringT@_W$0A@@ATL@@CAPAUCStringData@2@PAU32@@Z 00413640 f i ScreenShot.obj
 0001:000126b0       ?ThrowMemoryException@?$CSimpleStringT@_W$0A@@ATL@@KAXXZ 004136b0 f i ScreenShot.obj
 0001:000126c0       ??0?$CSimpleStringT@_W$0A@@ATL@@QAE@PB_WHPAUIAtlStringMgr@1@@Z 004136c0 f i ScreenShot.obj
 0001:00012720       ?Mid@?$CStringT@_WV?$StrTraitATL@_WV?$ChTraitsCRT@_W@ATL@@@ATL@@@ATL@@QBE?AV12@HH@Z 00413720 f i ScreenShot.obj
 0001:000127d0       ?Tokenize@?$CStringT@_WV?$StrTraitATL@_WV?$ChTraitsCRT@_W@ATL@@@ATL@@@ATL@@QBE?AV12@PB_WAAH@Z 004137d0 f i ScreenShot.obj
 0001:000128a0       ??1?$CSimpleStringT@_W$0A@@ATL@@QAE@XZ 004138a0 f i ScreenShot.obj
 0001:000128a0       ??1?$CStringT@_WV?$StrTraitATL@_WV?$ChTraitsCRT@_W@ATL@@@ATL@@@ATL@@QAE@XZ 004138a0 f i ScreenShot.obj
 0001:000128c0       ?FindCodecForExtension@CImage@ATL@@CA?AU_GUID@@PBDPBVImageCodecInfo@Gdiplus@@I@Z 004138c0 f i ScreenShot.obj
 0001:00012c20       ?FindCodecForFileType@CImage@ATL@@CA?AU_GUID@@ABU3@PBVImageCodecInfo@Gdiplus@@I@Z 00413c20 f i ScreenShot.obj
 0001:00012d00       _IsEqualGUID               00413d00 f i ScreenShot.obj
 0001:00012d70       ?Save@CImage@ATL@@QBEJPBDABU_GUID@@@Z 00413d70 f i ScreenShot.obj
 0001:00013000       ?DrawString@Graphics@Gdiplus@@QAE?AW4Status@2@PB_WHPBVFont@2@ABVPointF@2@PBVBrush@2@@Z 00414000 f i ScreenShot.obj
 0001:00013060       ??1SolidBrush@Gdiplus@@UAE@XZ 00414060 f i ScreenShot.obj
 0001:00013080       ??_EBrush@Gdiplus@@UAEPAXI@Z 00414080 f i  CIL library: CIL module
 0001:00013080       ??_GSolidBrush@Gdiplus@@UAEPAXI@Z 00414080 f i ScreenShot.obj
 0001:00013080       ??_GBrush@Gdiplus@@UAEPAXI@Z 00414080 f i ScreenShot.obj
 0001:00013080       ??_ESolidBrush@Gdiplus@@UAEPAXI@Z 00414080 f i  CIL library: CIL module
 0001:000130b0       ?Clone@Brush@Gdiplus@@UBEPAV12@XZ 004140b0 f i ScreenShot.obj
 0001:00013110       ??0SolidBrush@Gdiplus@@QAE@ABVColor@1@@Z 00414110 f i ScreenShot.obj
 0001:00013150       ??1Font@Gdiplus@@QAE@XZ    00414150 f i ScreenShot.obj
 0001:00013160       ??0Font@Gdiplus@@QAE@PBVFontFamily@1@MHW4Unit@1@@Z 00414160 f i ScreenShot.obj
 0001:000131a0       ?swprintf@@YAHPA_WPB_WZZ   004141a0 f i ScreenShot.obj
 0001:000131c0       ?Init@CInitGDIPlus@CImage@ATL@@QAE_NXZ 004141c0 f i ScreenShot.obj
 0001:00013240       ?UpdateBitmapInfo@CImage@ATL@@AAEXW4DIBOrientation@12@@Z 00414240 f i ScreenShot.obj
 0001:00013320       ?CreateEx@CImage@ATL@@QAEHHHHKPBKK@Z 00414320 f i ScreenShot.obj
 0001:00013440       ??1?$CAtlSafeAllocBufferManager@VCCRTAllocator@ATL@@@_ATL_SAFE_ALLOCA_IMPL@ATL@@QAE@XZ 00414440 f i ScreenShot.obj
 0001:00013470       ?_AtlVerifyStackAvailable@_ATL_SAFE_ALLOCA_IMPL@ATL@@YA_NK@Z 00414470 f i ScreenShot.obj
 0001:00013530       ??$AtlAdd@K@ATL@@YAJPAKKK@Z 00414530 f i ScreenShot.obj
 0001:00013560       ?Allocate@?$CAtlSafeAllocBufferManager@VCCRTAllocator@ATL@@@_ATL_SAFE_ALLOCA_IMPL@ATL@@QAEPAXK@Z 00414560 f i ScreenShot.obj
 0001:00013590       ?GetDC@CImage@ATL@@QBEPAUHDC__@@XZ 00414590 f i ScreenShot.obj
 0001:000135e0       ?ReleaseDC@CImage@ATL@@QBEXXZ 004145e0 f i ScreenShot.obj
 0001:00013630       ?AtlThrowImpl@ATL@@YGXJ@Z  00414630 f i ScreenShot.obj
 0001:00013650       ??0Bitmap@Gdiplus@@QAE@HHHHPAE@Z 00414650 f i ScreenShot.obj
 0001:00013690       ??_GBitmap@Gdiplus@@UAEPAXI@Z 00414690 f i ScreenShot.obj
 0001:00013690       ??_GImage@Gdiplus@@UAEPAXI@Z 00414690 f i ScreenShot.obj
 0001:00013690       ??_EBitmap@Gdiplus@@UAEPAXI@Z 00414690 f i  CIL library: CIL module
 0001:00013690       ??_EImage@Gdiplus@@UAEPAXI@Z 00414690 f i  CIL library: CIL module
 0001:000136c0       ?Clone@Image@Gdiplus@@UAEPAV12@XZ 004146c0 f i ScreenShot.obj
 0001:00013710       ??1Graphics@Gdiplus@@QAE@XZ 00414710 f i ScreenShot.obj
 0001:00013720       ?CreateFromGdiplusBitmap@CImage@ATL@@AAEJAAVBitmap@Gdiplus@@@Z 00414720 f i ScreenShot.obj
 0001:00013bb0       ?Load@CImage@ATL@@QAEJPAUIStream@@@Z 00414bb0 f i ScreenShot.obj
 0001:00013c20       ?Destroy@CImage@ATL@@QAEXXZ 00414c20 f i ScreenShot.obj
 0001:00013c60       ?ReleaseGDIPlus@CInitGDIPlus@CImage@ATL@@QAEXXZ 00414c60 f i ScreenShot.obj
 0001:00013c90       ??1CImage@ATL@@UAE@XZ      00414c90 f i ScreenShot.obj
 0001:00013d20       ??_ECImage@ATL@@UAEPAXI@Z  00414d20 f i  CIL library: CIL module
 0001:00013d20       ??_GCImage@ATL@@UAEPAXI@Z  00414d20 f i ScreenShot.obj
 0001:00013d50       ??0CImage@ATL@@QAE@XZ      00414d50 f i ScreenShot.obj
 0001:00013da0       ??0CScreenShow@@QAE@XZ     00414da0 f   ScreenShow.obj
 0001:00013e90       ??_GCScreenShow@@UAEPAXI@Z 00414e90 f i ScreenShow.obj
 0001:00013e90       ??_ECScreenShow@@UAEPAXI@Z 00414e90 f i  CIL library: CIL module
 0001:00013ef0       ?RecvInfo@CScreenShow@@QAEXPAUPMSG_SCREEN_RECV@@H@Z 00414ef0 f   ScreenShow.obj
 0001:000141c0       ?DrawScreen@CScreenShow@@SAXPAUHWND__@@PAUHDC__@@@Z 004151c0 f   ScreenShow.obj
 0001:00014430       ?SendScreenState@CScreenShow@@QAEXHH@Z 00415430 f   ScreenShow.obj
 0001:000144a0       ?RecvScreenData@CScreenShow@@QAEXPAUPMSG_SCREENDATA_RECV@@H@Z 004154a0 f   ScreenShow.obj
 0001:00014540       ?StretchBlt@CImage@ATL@@QBEHPAUHDC__@@HHHHK@Z 00415540 f i ScreenShow.obj
 0001:000145a0       ??0CServerDisplayer@@QAE@XZ 004155a0 f   ServerDisplayer.obj
 0001:00014640       ??_ECServerDisplayer@@UAEPAXI@Z 00415640 f i  CIL library: CIL module
 0001:00014640       ??_GCServerDisplayer@@UAEPAXI@Z 00415640 f i ServerDisplayer.obj
 0001:00014690       ?Init@CServerDisplayer@@QAEXPAUHWND__@@@Z 00415690 f   ServerDisplayer.obj
 0001:00014910       ?SetWindowName@CServerDisplayer@@QAEXXZ 00415910 f   ServerDisplayer.obj
 0001:00014ae0       ?PaintAllInfo@CServerDisplayer@@QAEXXZ 00415ae0 f   ServerDisplayer.obj
 0001:00014bc0       ?LogAddText@CServerDisplayer@@QAEXW4eLogColor@@PADH@Z 00415bc0 f   ServerDisplayer.obj
 0001:00014e90       ?append@?$basic_string@_WU?$char_traits@_W@std@@V?$allocator@_W@2@@std@@QAEAAV12@PB_WI@Z 00415e90 f i ServerDisplayer.obj
 0001:00014f50       ?assign@?$basic_string@_WU?$char_traits@_W@std@@V?$allocator@_W@2@@std@@QAEAAV12@I_W@Z 00415f50 f i ServerDisplayer.obj
 0001:00015010       ?append@?$basic_string@_WU?$char_traits@_W@std@@V?$allocator@_W@2@@std@@QAEAAV12@ABV12@II@Z 00416010 f i ServerDisplayer.obj
 0001:000150c0       ?ReadInit@CServerInfo@@QAEXXZ 004160c0 f   ServerInfo.obj
 0001:000151b0       ?ReadConfig@CServerInfo@@QAEXXZ 004161b0 f   ServerInfo.obj
 0001:00015200       ?ReadDumpList@CServerInfo@@QAEXXZ 00416200 f   ServerInfo.obj
 0001:00015220       ?ReadChecksumList@CServerInfo@@QAEXXZ 00416220 f   ServerInfo.obj
 0001:00015240       ?ReadInternalList@CServerInfo@@QAEXXZ 00416240 f   ServerInfo.obj
 0001:00015260       ?ReadWindowList@CServerInfo@@QAEXXZ 00416260 f   ServerInfo.obj
 0001:00015280       ?ReadBadWords@CServerInfo@@QAEXXZ 00416280 f   ServerInfo.obj
 0001:000152a0       ?ReadBlackList@CServerInfo@@QAEXXZ 004162a0 f   ServerInfo.obj
 0001:000152c0       ?ReadWatchList@CServerInfo@@QAEXXZ 004162c0 f   ServerInfo.obj
 0001:000152e0       ?ReadStartupInfo@CServerInfo@@QAEXPAD@Z 004162e0 f   ServerInfo.obj
 0001:000153a0       ?ReadConfig@CServerInfo@@QAEXPAD@Z 004163a0 f   ServerInfo.obj
 0001:00015670       ??0CSocketManager@@QAE@XZ  00416670 f   SocketManager.obj
 0001:000157e0       ??_ECSocketManager@@UAEPAXI@Z 004167e0 f i  CIL library: CIL module
 0001:000157e0       ??_GCSocketManager@@UAEPAXI@Z 004167e0 f i SocketManager.obj
 0001:00015810       ??1CSocketManager@@UAE@XZ  00416810 f   SocketManager.obj
 0001:000158c0       ?Start@CSocketManager@@QAE_NG@Z 004168c0 f   SocketManager.obj
 0001:00015920       ?Clean@CSocketManager@@QAEXXZ 00416920 f   SocketManager.obj
 0001:000159e0       ?CreateListenSocket@CSocketManager@@QAE_NXZ 004169e0 f   SocketManager.obj
 0001:00015ae0       ?CreateCompletionPort@CSocketManager@@QAE_NXZ 00416ae0 f   SocketManager.obj
 0001:00015b50       ?CreateAcceptThread@CSocketManager@@QAE_NXZ 00416b50 f   SocketManager.obj
 0001:00015bc0       ?CreateWorkerThread@CSocketManager@@QAE_NXZ 00416bc0 f   SocketManager.obj
 0001:00015c70       ?CreateServerQueue@CSocketManager@@QAE_NXZ 00416c70 f   SocketManager.obj
 0001:00015d10       ?DataRecv@CSocketManager@@QAE_NHPAUIO_MAIN_BUFFER@@@Z 00416d10 f   SocketManager.obj
 0001:00015f80       ?DataSend@CSocketManager@@QAE_NHPAEH@Z 00416f80 f   SocketManager.obj
 0001:000161d0       ?Disconnect@CSocketManager@@QAEXH@Z 004171d0 f   SocketManager.obj
 0001:00016270       ?OnRecv@CSocketManager@@QAEXHKPAUIO_RECV_CONTEXT@@@Z 00417270 f   SocketManager.obj
 0001:00016390       ?OnSend@CSocketManager@@QAEXHKPAUIO_SEND_CONTEXT@@@Z 00417390 f   SocketManager.obj
 0001:00016560       ?ServerAcceptCondition@CSocketManager@@SGHPAU_WSABUF@@0PAU_QualityOfService@@100PAIPAV1@@Z 00417560 f   SocketManager.obj
 0001:00016590       ?ServerAcceptThread@CSocketManager@@SGKPAV1@@Z 00417590 f   SocketManager.obj
 0001:00016730       ?ServerWorkerThread@CSocketManager@@SGKPAV1@@Z 00417730 f   SocketManager.obj
 0001:00016820       ?ServerQueueThread@CSocketManager@@SGKPAV1@@Z 00417820 f   SocketManager.obj
 0001:00016950       ?ErrorMessageBox@@YAXPADZZ 00417950 f   Util.obj
 0001:000169d0       ?LogAdd@@YAXW4eLogColor@@PADZZ 004179d0 f   Util.obj
 0001:00016aa0       ?TimeoutProc@@YAXXZ        00417aa0 f   Util.obj
 0001:00016b00       ?GetUserCount@@YAHXZ       00417b00 f   Util.obj
 0001:00016c00       ?GetIpByIndex@@YAPADH@Z    00417c00 f   Util.obj
 0001:00016c60       ?GetHwidByIndex@@YAPADH@Z  00417c60 f   Util.obj
 0001:00016cc0       ?GetIndexByIpAndHwid@@YAHPAD0@Z 00417cc0 f   Util.obj
 0001:00016d90       ?GetIpByDialog@@YAPADPAUHWND__@@@Z 00417d90 f   Util.obj
 0001:00016dd0       ?GetHwidByDialog@@YAPADPAUHWND__@@@Z 00417dd0 f   Util.obj
 0001:00016e10       ?GetSelecterListBoxItem@@YA_NPAUHWND__@@HPAD@Z 00417e10 f   Util.obj
 0001:00016ea0       ?GetFreeClientIndex@@YAHXZ 00417ea0 f   Util.obj
 0001:00016f30       ?SearchFreeClientIndex@@YAHPAHHHK@Z 00417f30 f   Util.obj
 0001:00016fc0       ?GetHardwareId@@YAXPAD@Z   00417fc0 f   Util.obj
 0001:000170b0       ?RemoveCharacter@@YAPADPADD@Z 004180b0 f   Util.obj
 0001:00017110       ?GetEncryptedString@@YAPADPAEH@Z 00418110 f   Util.obj
 0001:00017160       ?SetInfoLabel@@YAXPAUHWND__@@H@Z 00418160 f   Util.obj
 0001:000171f0       ?ClearInfoLabel@@YAXPAUHWND__@@@Z 004181f0 f   Util.obj
 0001:00017260       ??$sprintf_s@$09@@YAHAAY09DPBDZZ 00418260 f i Util.obj
 0001:00017280       ??_GCWatchList@@UAEPAXI@Z  00418280 f i WatchList.obj
 0001:00017280       ??_ECWatchList@@UAEPAXI@Z  00418280 f i  CIL library: CIL module
 0001:000172e0       ?SetList@CWatchList@@QAEXPAD@Z 004182e0 f   WatchList.obj
 0001:000174a0       ?CheckIpAddress@CWatchList@@QAE_NPAD@Z 004184a0 f   WatchList.obj
 0001:00017530       ?CheckHardwareId@CWatchList@@QAE_NPAD@Z 00418530 f   WatchList.obj
 0001:000175c0       ?Notify@CWatchList@@QAEXPAD@Z 004185c0 f   WatchList.obj
 0001:000177d0       ?push_back@?$vector@UWATCHLIST_IPADDR_INFO@@V?$allocator@UWATCHLIST_IPADDR_INFO@@@std@@@std@@QAEXABUWATCHLIST_IPADDR_INFO@@@Z 004187d0 f i WatchList.obj
 0001:00017870       ?clear@?$vector@UWATCHLIST_IPADDR_INFO@@V?$allocator@UWATCHLIST_IPADDR_INFO@@@std@@@std@@QAEXXZ 00418870 f i WatchList.obj
 0001:000178b0       ?_Reserve@?$vector@UWATCHLIST_IPADDR_INFO@@V?$allocator@UWATCHLIST_IPADDR_INFO@@@std@@@std@@IAEXI@Z 004188b0 f i WatchList.obj
 0001:00017920       ?reserve@?$vector@UWATCHLIST_IPADDR_INFO@@V?$allocator@UWATCHLIST_IPADDR_INFO@@@std@@@std@@QAEXI@Z 00418920 f i WatchList.obj
 0001:00017a10       ?allocate@?$allocator@UBLACKLIST_IPADDR_INFO@@@std@@QAEPAUBLACKLIST_IPADDR_INFO@@I@Z 00418a10 f i BlackList.obj
 0001:00017a10       ?allocate@?$allocator@UWATCHLIST_IPADDR_INFO@@@std@@QAEPAUWATCHLIST_IPADDR_INFO@@I@Z 00418a10 f i WatchList.obj
 0001:00017a70       ??$_Uninit_move@PAUWATCHLIST_HARDID_INFO@@PAU1@V?$allocator@UWATCHLIST_HARDID_INFO@@@std@@U1@@std@@YAPAUWATCHLIST_HARDID_INFO@@PAU1@00AAV?$allocator@UWATCHLIST_HARDID_INFO@@@0@0U_Nonscalar_ptr_iterator_tag@0@@Z 00418a70 f i WatchList.obj
 0001:00017a70       ??$_Uninit_move@PAUBLACKLIST_HARDID_INFO@@PAU1@V?$allocator@UBLACKLIST_HARDID_INFO@@@std@@U1@@std@@YAPAUBLACKLIST_HARDID_INFO@@PAU1@00AAV?$allocator@UBLACKLIST_HARDID_INFO@@@0@0U_Nonscalar_ptr_iterator_tag@0@@Z 00418a70 f i BlackList.obj
 0001:00017a93       ??1_Fac_node@std@@QAE@XZ   00418a93 f i msvcprt:locale0_implib.obj
 0001:00017aa9       ?_Facet_Register@facet@locale@std@@CAXPAV123@@Z 00418aa9 f   msvcprt:locale0_implib.obj
 0001:00017ad3       ??1_Fac_tidy_reg_t@std@@QAE@XZ 00418ad3 f i msvcprt:locale0_implib.obj
 0001:00017b24       ?xsputn@?$basic_streambuf@DU?$char_traits@D@std@@@std@@MAE_JPBD_J@Z 00418b24 f   msvcprt:MSVCP100.dll
 0001:00017b2a       ?showmanyc@?$basic_streambuf@DU?$char_traits@D@std@@@std@@MAE_JXZ 00418b2a f   msvcprt:MSVCP100.dll
 0001:00017b30       ?xsgetn@?$basic_streambuf@DU?$char_traits@D@std@@@std@@MAE_JPAD_J@Z 00418b30 f   msvcprt:MSVCP100.dll
 0001:00017b36       ??_U@YAPAXI@Z              00418b36 f   msvcprt:newaop_s.obj
 0001:00017b41       @__security_check_cookie@4 00418b41 f   MSVCRT:secchk.obj
 0001:00017b50       ?what@exception@std@@UBEPBDXZ 00418b50 f   MSVCRT:MSVCR100.dll
 0001:00017b56       ??0exception@std@@QAE@ABV01@@Z 00418b56 f   MSVCRT:MSVCR100.dll
 0001:00017b5c       _free                      00418b5c f   MSVCRT:MSVCR100.dll
 0001:00017b62       _malloc                    00418b62 f   MSVCRT:MSVCR100.dll
 0001:00017b68       ??3@YAXPAX@Z               00418b68 f   MSVCRT:MSVCR100.dll
 0001:00017b6e       ??_Etype_info@@UAEPAXI@Z   00418b6e f i MSVCRT:ti_inst.obj
 0001:00017bba       ??2@YAPAXI@Z               00418bba f   MSVCRT:MSVCR100.dll
 0001:00017bc0       __onexit                   00418bc0 f   MSVCRT:atonexit.obj
 0001:00017c61       _atexit                    00418c61 f   MSVCRT:atonexit.obj
 0001:00017c78       ??0bad_cast@std@@QAE@ABV01@@Z 00418c78 f   MSVCRT:MSVCR100.dll
 0001:00017c7e       ??1bad_cast@std@@UAE@XZ    00418c7e f   MSVCRT:MSVCR100.dll
 0001:00017c84       ??_L@YGXPAXIHP6EX0@Z1@Z    00418c84 f   MSVCRT:ehvecctr.obj
 0001:00017ce9       ?__ArrayUnwind@@YGXPAXIHP6EX0@Z@Z 00418ce9 f   MSVCRT:ehvecdtr.obj
 0001:00017d47       ??_M@YGXPAXIHP6EX0@Z@Z     00418d47 f   MSVCRT:ehvecdtr.obj
 0001:00017daa       _realloc                   00418daa f   MSVCRT:MSVCR100.dll
 0001:00017db0       _calloc                    00418db0 f   MSVCRT:MSVCR100.dll
 0001:00018094       _WinMainCRTStartup         00419094 f   MSVCRT:crtexew.obj
 0001:0001809e       ___CxxFrameHandler3        0041909e f   MSVCRT:MSVCR100.dll
 0001:000180a4       __EH_prolog3               004190a4 f   MSVCRT:ehprolg3.obj
 0001:000180d7       __EH_epilog3               004190d7 f   MSVCRT:ehprolg3.obj
 0001:000180eb       ___report_gsfailure        004190eb f   MSVCRT:gs_report.obj
 0001:000181f2       __unlock                   004191f2 f   MSVCRT:MSVCR100.dll
 0001:000181f8       ___dllonexit               004191f8 f   MSVCRT:MSVCR100.dll
 0001:000181fe       __lock                     004191fe f   MSVCRT:MSVCR100.dll
 0001:00018210       __SEH_prolog4              00419210 f   MSVCRT:sehprolg4.obj
 0001:00018255       __SEH_epilog4              00419255 f   MSVCRT:sehprolg4.obj
 0001:00018269       __except_handler4          00419269 f   MSVCRT:chandler4gs.obj
 0001:0001828e       ?terminate@@YAXXZ          0041928e f   MSVCRT:MSVCR100.dll
 0001:00018294       ?__CxxUnhandledExceptionFilter@@YGJPAU_EXCEPTION_POINTERS@@@Z 00419294 f   MSVCRT:unhandld.obj
 0001:000182d6       ___CxxSetUnhandledExceptionFilter 004192d6 f   MSVCRT:unhandld.obj
 0001:000182e4       __amsg_exit                004192e4 f   MSVCRT:MSVCR100.dll
 0001:000182ea       __RTC_Initialize           004192ea f   MSVCRT:_initsect_.obj
 0001:00018310       __RTC_Terminate            00419310 f   MSVCRT:_initsect_.obj
 0001:00018336       __XcptFilter               00419336 f   MSVCRT:MSVCR100.dll
 0001:00018340       __ValidateImageBase        00419340 f   MSVCRT:pesect.obj
 0001:00018380       __FindPESection            00419380 f   MSVCRT:pesect.obj
 0001:000183d0       __IsNonwritableInCurrentImage 004193d0 f   MSVCRT:pesect.obj
 0001:0001848c       __initterm                 0041948c f   MSVCRT:MSVCR100.dll
 0001:00018492       __initterm_e               00419492 f   MSVCRT:MSVCR100.dll
 0001:00018498       __setdefaultprecision      00419498 f   MSVCRT:fp8.obj
 0001:000184c0       __matherr                  004194c0 f   MSVCRT:merr.obj
 0001:000184c0       __setargv                  004194c0 f   MSVCRT:dllargv.obj
 0001:000184c3       ___security_init_cookie    004194c3 f   MSVCRT:gs_support.obj
 0001:0001855e       __crt_debugger_hook        0041955e f   MSVCRT:MSVCR100.dll
 0001:00018564       ??1type_info@@UAE@XZ       00419564 f   MSVCRT:MSVCR100.dll
 0001:00018564       ?_type_info_dtor_internal_method@type_info@@QAEXXZ 00419564 f   MSVCRT:MSVCR100.dll
 0001:0001856a       __except_handler4_common   0041956a f   MSVCRT:MSVCR100.dll
 0001:00018570       __invoke_watson            00419570 f   MSVCRT:MSVCR100.dll
 0001:00018576       __controlfp_s              00419576 f   MSVCRT:MSVCR100.dll
 0001:0001857c       ??0CInitGDIPlus@CImage@ATL@@QAE@XZ 0041957c f i atls:atlimage2.obj
 0001:000185b7       ??1CDCCache@CImage@ATL@@QAE@XZ 004195b7 f i atls:atlimage.obj
 0001:000185d6       ??1CWin32Heap@ATL@@UAE@XZ  004195d6 f i atls:atlstr.obj
 0001:000185f1       ?Allocate@CWin32Heap@ATL@@UAEPAXI@Z 004195f1 f i atls:atlstr.obj
 0001:00018608       ?Free@CWin32Heap@ATL@@UAEXPAX@Z 00419608 f i atls:atlstr.obj
 0001:00018625       ?Reallocate@CWin32Heap@ATL@@UAEPAXPAXI@Z 00419625 f i atls:atlstr.obj
 0001:0001865f       ?GetSize@CWin32Heap@ATL@@UAEIPAX@Z 0041965f f i atls:atlstr.obj
[...]
 0001:0005ef90       __unwindfunclet$?GetIpCount@CIpManager@@QAEHPAD@Z$0 0045ff90 f    CIL library: CIL module
 0001:0005ef98       __ehhandler$?RemoveIpAddress@CIpManager@@QAEXPAD@Z 0045ff98 f    CIL library: CIL module
 0001:0005ef98       __ehhandler$?GetIpCount@CIpManager@@QAEHPAD@Z 0045ff98 f    CIL library: CIL module
 0001:0005ef98       __ehhandler$?_Endwrite@?$basic_filebuf@DU?$char_traits@D@std@@@std@@IAE_NXZ 0045ff98 f    CIL library: CIL module
 0001:0005efc0       __unwindfunclet$?InsertIpAddress@CIpManager@@QAEXPAD@Z$0 0045ffc0 f    CIL library: CIL module
 0001:0005efc8       __unwindfunclet$?InsertIpAddress@CIpManager@@QAEXPAD@Z$1 0045ffc8 f    CIL library: CIL module
 0001:0005efd0       __unwindfunclet$?InsertIpAddress@CIpManager@@QAEXPAD@Z$2 0045ffd0 f    CIL library: CIL module
 0001:0005efdb       __ehhandler$?InsertIpAddress@CIpManager@@QAEXPAD@Z 0045ffdb f    CIL library: CIL module
 0001:0005f010       __unwindfunclet$??1?$basic_filebuf@DU?$char_traits@D@std@@@std@@UAE@XZ$0 00460010 f    CIL library: CIL module
 0001:0005f019       __ehhandler$??1?$basic_filebuf@DU?$char_traits@D@std@@@std@@UAE@XZ 00460019 f    CIL library: CIL module
 0001:0005f040       __unwindfunclet$??0?$basic_ofstream@DU?$char_traits@D@std@@@std@@QAE@XZ$0 00460040 f    CIL library: CIL module
 0001:0005f05d       __unwindfunclet$??0?$basic_ofstream@DU?$char_traits@D@std@@@std@@QAE@XZ$1 0046005d f    CIL library: CIL module
 0001:0005f069       __unwindfunclet$??0?$basic_ofstream@DU?$char_traits@D@std@@@std@@QAE@XZ$3 00460069 f    CIL library: CIL module
 0001:0005f072       __ehhandler$??0?$basic_ofstream@DU?$char_traits@D@std@@@std@@QAE@XZ 00460072 f    CIL library: CIL module
 0001:0005f090       __unwindfunclet$??_D?$basic_ofstream@DU?$char_traits@D@std@@@std@@QAEXXZ$0 00460090 f    CIL library: CIL module
 0001:0005f09c       __ehhandler$??_D?$basic_ofstream@DU?$char_traits@D@std@@@std@@QAEXXZ 0046009c f    CIL library: CIL module
 0001:0005f0c0       __unwindfunclet$??$ParseNumber@$0A@U?$GenericStringStream@U?$UTF8@D@rapidjson@@@rapidjson@@V?$GenericDocument@U?$UTF8@D@rapidjson@@V?$MemoryPoolAllocator@VCrtAllocator@rapidjson@@@2@VCrtAllocator@2@@2@@?$GenericReader@U?$UTF8@D@rapidjson@@U12@VCrtAllocator@2@@rapidjson@@AAEXAAU?$GenericStringStream@U?$UTF8@D@rapidjson@@@1@AAV?$GenericDocument@U?$UTF8@D@rapidjson@@V?$MemoryPoolAllocator@VCrtAllocator@rapidjson@@@2@VCrtAllocator@2@@1@@Z$0 004600c0 f    CIL library: CIL module
 0001:0005f0c8       __ehhandler$??$ParseNumber@$0A@U?$GenericStringStream@U?$UTF8@D@rapidjson@@@rapidjson@@V?$GenericDocument@U?$UTF8@D@rapidjson@@V?$MemoryPoolAllocator@VCrtAllocator@rapidjson@@@2@VCrtAllocator@2@@2@@?$GenericReader@U?$UTF8@D@rapidjson@@U12@VCrtAllocator@2@@rapidjson@@AAEXAAU?$GenericStringStream@U?$UTF8@D@rapidjson@@@1@AAV?$GenericDocument@U?$UTF8@D@rapidjson@@V?$MemoryPoolAllocator@VCrtAllocator@rapidjson@@@2@VCrtAllocator@2@@1@@Z 004600c8 f    CIL library: CIL module
 0001:0005f0f0       __unwindfunclet$??$ParseString@$0A@U?$GenericStringStream@U?$UTF8@D@rapidjson@@@rapidjson@@V?$GenericDocument@U?$UTF8@D@rapidjson@@V?$MemoryPoolAllocator@VCrtAllocator@rapidjson@@@2@VCrtAllocator@2@@2@@?$GenericReader@U?$UTF8@D@rapidjson@@U12@VCrtAllocator@2@@rapidjson@@AAEXAAU?$GenericStringStream@U?$UTF8@D@rapidjson@@@1@AAV?$GenericDocument@U?$UTF8@D@rapidjson@@V?$MemoryPoolAllocator@VCrtAllocator@rapidjson@@@2@VCrtAllocator@2@@1@_N@Z$0 004600f0 f    CIL library: CIL module
 0001:0005f0f8       __ehhandler$??$ParseString@$0A@U?$GenericStringStream@U?$UTF8@D@rapidjson@@@rapidjson@@V?$GenericDocument@U?$UTF8@D@rapidjson@@V?$MemoryPoolAllocator@VCrtAllocator@rapidjson@@@2@VCrtAllocator@2@@2@@?$GenericReader@U?$UTF8@D@rapidjson@@U12@VCrtAllocator@2@@rapidjson@@AAEXAAU?$GenericStringStream@U?$UTF8@D@rapidjson@@@1@AAV?$GenericDocument@U?$UTF8@D@rapidjson@@V?$MemoryPoolAllocator@VCrtAllocator@rapidjson@@@2@VCrtAllocator@2@@1@_N@Z 004600f8 f    CIL library: CIL module
 0001:0005f120       __unwindfunclet$??0?$basic_fstream@DU?$char_traits@D@std@@@std@@QAE@XZ$0 00460120 f    CIL library: CIL module
 0001:0005f13d       __unwindfunclet$??0?$basic_fstream@DU?$char_traits@D@std@@@std@@QAE@XZ$1 0046013d f    CIL library: CIL module
 0001:0005f149       __unwindfunclet$??0?$basic_fstream@DU?$char_traits@D@std@@@std@@QAE@XZ$3 00460149 f    CIL library: CIL module
 0001:0005f152       __ehhandler$??0?$basic_fstream@DU?$char_traits@D@std@@@std@@QAE@XZ 00460152 f    CIL library: CIL module
 0001:0005f170       __unwindfunclet$??_D?$basic_fstream@DU?$char_traits@D@std@@@std@@QAEXXZ$0 00460170 f    CIL library: CIL module
 0001:0005f17c       __ehhandler$??_D?$basic_fstream@DU?$char_traits@D@std@@@std@@QAEXXZ 0046017c f    CIL library: CIL module
 0001:0005f1a0       __unwindfunclet$?CheckHosts@CProtection@@QAEXPAD@Z$0 004601a0 f    CIL library: CIL module
 0001:0005f1ab       __unwindfunclet$?CheckHosts@CProtection@@QAEXPAD@Z$1 004601ab f    CIL library: CIL module
 0001:0005f1b6       __unwindfunclet$?CheckHosts@CProtection@@QAEXPAD@Z$2 004601b6 f    CIL library: CIL module
 0001:0005f1c1       __unwindfunclet$?CheckHosts@CProtection@@QAEXPAD@Z$4 004601c1 f    CIL library: CIL module
 0001:0005f1d0       __ehhandler$?CheckHosts@CProtection@@QAEXPAD@Z 004601d0 f    CIL library: CIL module
 0001:0005f200       __unwindfunclet$?CheckIpAddress@CIpManager@@QAE_NPAD@Z$0 00460200 f    CIL library: CIL module
 0001:0005f20b       __unwindfunclet$?CheckIpAddress@CIpManager@@QAE_NPAD@Z$1 0046020b f    CIL library: CIL module
 0001:0005f216       __unwindfunclet$?CheckIpAddress@CIpManager@@QAE_NPAD@Z$2 00460216 f    CIL library: CIL module
 0001:0005f221       __unwindfunclet$?CheckIpAddress@CIpManager@@QAE_NPAD@Z$3 00460221 f    CIL library: CIL module
 0001:0005f22c       __unwindfunclet$?CheckIpAddress@CIpManager@@QAE_NPAD@Z$4 0046022c f    CIL library: CIL module
 0001:0005f237       __unwindfunclet$?CheckIpAddress@CIpManager@@QAE_NPAD@Z$5 00460237 f    CIL library: CIL module
 0001:0005f242       __unwindfunclet$?CheckIpAddress@CIpManager@@QAE_NPAD@Z$6 00460242 f    CIL library: CIL module
 0001:0005f24d       __unwindfunclet$?CheckIpAddress@CIpManager@@QAE_NPAD@Z$7 0046024d f    CIL library: CIL module
 0001:0005f258       __unwindfunclet$?CheckIpAddress@CIpManager@@QAE_NPAD@Z$8 00460258 f    CIL library: CIL module
 0001:0005f263       __unwindfunclet$?CheckIpAddress@CIpManager@@QAE_NPAD@Z$9 00460263 f    CIL library: CIL module
 0001:0005f26e       __unwindfunclet$?CheckIpAddress@CIpManager@@QAE_NPAD@Z$10 0046026e f    CIL library: CIL module
 0001:0005f279       __unwindfunclet$?CheckIpAddress@CIpManager@@QAE_NPAD@Z$11 00460279 f    CIL library: CIL module
 0001:0005f284       __ehhandler$?CheckIpAddress@CIpManager@@QAE_NPAD@Z 00460284 f    CIL library: CIL module
 0001:0005f2c0       __unwindfunclet$??_G?$basic_ofstream@DU?$char_traits@D@std@@@std@@UAEPAXI@Z$0 004602c0 f    CIL library: CIL module
 0001:0005f2cc       __ehhandler$??_G?$basic_ofstream@DU?$char_traits@D@std@@@std@@UAEPAXI@Z 004602cc f    CIL library: CIL module
 0001:0005f2f0       __unwindfunclet$??0?$basic_ifstream@DU?$char_traits@D@std@@@std@@QAE@XZ$0 004602f0 f    CIL library: CIL module
 0001:0005f30d       __unwindfunclet$??0?$basic_ifstream@DU?$char_traits@D@std@@@std@@QAE@XZ$1 0046030d f    CIL library: CIL module
 0001:0005f319       __unwindfunclet$??0?$basic_ifstream@DU?$char_traits@D@std@@@std@@QAE@XZ$3 00460319 f    CIL library: CIL module
 0001:0005f322       __ehhandler$??0?$basic_ifstream@DU?$char_traits@D@std@@@std@@QAE@XZ 00460322 f    CIL library: CIL module
 0001:0005f340       __unwindfunclet$??_D?$basic_ifstream@DU?$char_traits@D@std@@@std@@QAEXXZ$0 00460340 f    CIL library: CIL module
 0001:0005f34c       __ehhandler$??_D?$basic_ifstream@DU?$char_traits@D@std@@@std@@QAEXXZ 0046034c f    CIL library: CIL module
 0001:0005f370       __unwindfunclet$?AddBlackList@CBlackList@@QAE_NPAD0@Z$2 00460370 f    CIL library: CIL module
 0001:0005f37b       __unwindfunclet$?AddBlackList@CBlackList@@QAE_NPAD0@Z$3 0046037b f    CIL library: CIL module
 0001:0005f386       __unwindfunclet$?AddBlackList@CBlackList@@QAE_NPAD0@Z$4 00460386 f    CIL library: CIL module
 0001:0005f38e       __unwindfunclet$?AddBlackList@CBlackList@@QAE_NPAD0@Z$5 0046038e f    CIL library: CIL module
 0001:0005f39a       __unwindfunclet$?AddBlackList@CBlackList@@QAE_NPAD0@Z$7 0046039a f    CIL library: CIL module
 0001:0005f3a6       __unwindfunclet$?AddBlackList@CBlackList@@QAE_NPAD0@Z$9 004603a6 f    CIL library: CIL module
 0001:0005f3b2       __unwindfunclet$?AddBlackList@CBlackList@@QAE_NPAD0@Z$11 004603b2 f    CIL library: CIL module
 0001:0005f3bb       __unwindfunclet$?AddBlackList@CBlackList@@QAE_NPAD0@Z$12 004603bb f    CIL library: CIL module
 0001:0005f3c7       __unwindfunclet$?AddBlackList@CBlackList@@QAE_NPAD0@Z$14 004603c7 f    CIL library: CIL module
 0001:0005f3d0       __ehhandler$?AddBlackList@CBlackList@@QAE_NPAD0@Z 004603d0 f    CIL library: CIL module
 0001:0005f400       __unwindfunclet$?Notify@CWatchList@@QAEXPAD@Z$0 00460400 f    CIL library: CIL module
 0001:0005f408       __unwindfunclet$?Notify@CWatchList@@QAEXPAD@Z$1 00460408 f    CIL library: CIL module
 0001:0005f410       __unwindfunclet$?Notify@CWatchList@@QAEXPAD@Z$2 00460410 f    CIL library: CIL module
 0001:0005f418       __unwindfunclet$?Notify@CWatchList@@QAEXPAD@Z$4 00460418 f    CIL library: CIL module
 0001:0005f420       __ehhandler$?Notify@CWatchList@@QAEXPAD@Z 00460420 f    CIL library: CIL module
 0001:0005f450       __unwindfunclet$??_G?$basic_fstream@DU?$char_traits@D@std@@@std@@UAEPAXI@Z$0 00460450 f    CIL library: CIL module
 0001:0005f45c       __ehhandler$??_G?$basic_fstream@DU?$char_traits@D@std@@@std@@UAEPAXI@Z 0046045c f    CIL library: CIL module
 0001:0005f480       __unwindfunclet$?AddToDump@CProcessListInfo@@QAE_NPAD@Z$2 00460480 f    CIL library: CIL module
 0001:0005f48b       __unwindfunclet$?AddToDump@CProcessListInfo@@QAE_NPAD@Z$3 0046048b f    CIL library: CIL module
 0001:0005f496       __unwindfunclet$?AddToDump@CProcessListInfo@@QAE_NPAD@Z$4 00460496 f    CIL library: CIL module
 0001:0005f4a2       __unwindfunclet$?AddToDump@CProcessListInfo@@QAE_NPAD@Z$6 004604a2 f    CIL library: CIL module
 0001:0005f4ae       __ehhandler$?AddToDump@CProcessListInfo@@QAE_NPAD@Z 004604ae f    CIL library: CIL module
 0001:0005f4e0       __ehhandler$?CHClientInfoRecv@@YAXPAUSDHP_CLIENT_INFO_RECV@@H@Z 004604e0 f    CIL library: CIL module
 0001:0005f510       __unwindfunclet$??_G?$basic_ifstream@DU?$char_traits@D@std@@@std@@UAEPAXI@Z$0 00460510 f    CIL library: CIL module
 0001:0005f51c       __ehhandler$??_G?$basic_ifstream@DU?$char_traits@D@std@@@std@@UAEPAXI@Z 0046051c f    CIL library: CIL module
 0001:0005f540       __unwindfunclet$??$Parse@$0A@U?$GenericStringStream@U?$UTF8@D@rapidjson@@@rapidjson@@V?$GenericDocument@U?$UTF8@D@rapidjson@@V?$MemoryPoolAllocator@VCrtAllocator@rapidjson@@@2@VCrtAllocator@2@@2@@?$GenericReader@U?$UTF8@D@rapidjson@@U12@VCrtAllocator@2@@rapidjson@@QAE?AUParseResult@1@AAU?$GenericStringStream@U?$UTF8@D@rapidjson@@@1@AAV?$GenericDocument@U?$UTF8@D@rapidjson@@V?$MemoryPoolAllocator@VCrtAllocator@rapidjson@@@2@VCrtAllocator@2@@1@@Z$0 00460540 f    CIL library: CIL module
 0001:0005f548       __ehhandler$??$Parse@$0A@U?$GenericStringStream@U?$UTF8@D@rapidjson@@@rapidjson@@V?$GenericDocument@U?$UTF8@D@rapidjson@@V?$MemoryPoolAllocator@VCrtAllocator@rapidjson@@@2@VCrtAllocator@2@@2@@?$GenericReader@U?$UTF8@D@rapidjson@@U12@VCrtAllocator@2@@rapidjson@@QAE?AUParseResult@1@AAU?$GenericStringStream@U?$UTF8@D@rapidjson@@@1@AAV?$GenericDocument@U?$UTF8@D@rapidjson@@V?$MemoryPoolAllocator@VCrtAllocator@rapidjson@@@2@VCrtAllocator@2@@1@@Z 00460548 f    CIL library: CIL module
 0001:0005f570       __unwindfunclet$??$ParseStream@$0A@U?$UTF8@D@rapidjson@@U?$GenericStringStream@U?$UTF8@D@rapidjson@@@2@@?$GenericDocument@U?$UTF8@D@rapidjson@@V?$MemoryPoolAllocator@VCrtAllocator@rapidjson@@@2@VCrtAllocator@2@@rapidjson@@QAEAAV01@AAU?$GenericStringStream@U?$UTF8@D@rapidjson@@@1@@Z$0 00460570 f    CIL library: CIL module
 0001:0005f578       __unwindfunclet$??$ParseStream@$0A@U?$UTF8@D@rapidjson@@U?$GenericStringStream@U?$UTF8@D@rapidjson@@@2@@?$GenericDocument@U?$UTF8@D@rapidjson@@V?$MemoryPoolAllocator@VCrtAllocator@rapidjson@@@2@VCrtAllocator@2@@rapidjson@@QAEAAV01@AAU?$GenericStringStream@U?$UTF8@D@rapidjson@@@1@@Z$1 00460578 f    CIL library: CIL module
 0001:0005f580       __ehhandler$??$ParseStream@$0A@U?$UTF8@D@rapidjson@@U?$GenericStringStream@U?$UTF8@D@rapidjson@@@2@@?$GenericDocument@U?$UTF8@D@rapidjson@@V?$MemoryPoolAllocator@VCrtAllocator@rapidjson@@@2@VCrtAllocator@2@@rapidjson@@QAEAAV01@AAU?$GenericStringStream@U?$UTF8@D@rapidjson@@@1@@Z 00460580 f    CIL library: CIL module
 0001:0005f5a0       __unwindfunclet$?Auth@CProtection@@QAE_NPAUHINSTANCE__@@PAUHWND__@@H@Z$0 004605a0 f    CIL library: CIL module
 0001:0005f5a8       __unwindfunclet$?Auth@CProtection@@QAE_NPAUHINSTANCE__@@PAUHWND__@@H@Z$1 004605a8 f    CIL library: CIL module
 0001:0005f5b0       __unwindfunclet$?Auth@CProtection@@QAE_NPAUHINSTANCE__@@PAUHWND__@@H@Z$2 004605b0 f    CIL library: CIL module
 0001:0005f5bb       __unwindfunclet$?Auth@CProtection@@QAE_NPAUHINSTANCE__@@PAUHWND__@@H@Z$4 004605bb f    CIL library: CIL module
 0001:0005f5c3       __unwindfunclet$?Auth@CProtection@@QAE_NPAUHINSTANCE__@@PAUHWND__@@H@Z$5 004605c3 f    CIL library: CIL module
 0001:0005f5ce       __unwindfunclet$?Auth@CProtection@@QAE_NPAUHINSTANCE__@@PAUHWND__@@H@Z$6 004605ce f    CIL library: CIL module
 0001:0005f5d9       __unwindfunclet$?Auth@CProtection@@QAE_NPAUHINSTANCE__@@PAUHWND__@@H@Z$7 004605d9 f    CIL library: CIL module
 0001:0005f5e4       __ehhandler$?Auth@CProtection@@QAE_NPAUHINSTANCE__@@PAUHWND__@@H@Z 004605e4 f    CIL library: CIL module
 0001:0005f610       __unwindfunclet$?FindCodecForExtension@CImage@ATL@@CA?AU_GUID@@PBDPBVImageCodecInfo@Gdiplus@@I@Z$0 00460610 f    CIL library: CIL module
 0001:0005f61b       __unwindfunclet$?FindCodecForExtension@CImage@ATL@@CA?AU_GUID@@PBDPBVImageCodecInfo@Gdiplus@@I@Z$4 0046061b f    CIL library: CIL module
 0001:0005f626       __unwindfunclet$?FindCodecForExtension@CImage@ATL@@CA?AU_GUID@@PBDPBVImageCodecInfo@Gdiplus@@I@Z$1 00460626 f    CIL library: CIL module
 0001:0005f631       __unwindfunclet$?FindCodecForExtension@CImage@ATL@@CA?AU_GUID@@PBDPBVImageCodecInfo@Gdiplus@@I@Z$2 00460631 f    CIL library: CIL module
 0001:0005f63c       __unwindfunclet$?FindCodecForExtension@CImage@ATL@@CA?AU_GUID@@PBDPBVImageCodecInfo@Gdiplus@@I@Z$5 0046063c f    CIL library: CIL module
 0001:0005f647       __unwindfunclet$?FindCodecForExtension@CImage@ATL@@CA?AU_GUID@@PBDPBVImageCodecInfo@Gdiplus@@I@Z$3 00460647 f    CIL library: CIL module
 0001:0005f652       __ehhandler$?FindCodecForExtension@CImage@ATL@@CA?AU_GUID@@PBDPBVImageCodecInfo@Gdiplus@@I@Z 00460652 f    CIL library: CIL module
 0001:0005f680       __unwindfunclet$?SaveScreen@CScreenShot@@QAEXPAD0H@Z$0 00460680 f    CIL library: CIL module
 0001:0005f68b       __unwindfunclet$?SaveScreen@CScreenShot@@QAEXPAD0H@Z$1 0046068b f    CIL library: CIL module
 0001:0005f696       __unwindfunclet$?SaveScreen@CScreenShot@@QAEXPAD0H@Z$3 00460696 f    CIL library: CIL module
 0001:0005f6a1       __unwindfunclet$?SaveScreen@CScreenShot@@QAEXPAD0H@Z$4 004606a1 f    CIL library: CIL module
 0001:0005f6ac       __ehhandler$?SaveScreen@CScreenShot@@QAEXPAD0H@Z 004606ac f    CIL library: CIL module
 0001:0005f6e0       __unwindfunclet$?DrawScreen@CScreenShow@@SAXPAUHWND__@@PAUHDC__@@@Z$0 004606e0 f    CIL library: CIL module
 0001:0005f6eb       __ehhandler$?DrawScreen@CScreenShow@@SAXPAUHWND__@@PAUHDC__@@@Z 004606eb f    CIL library: CIL module
 0001:0005f720       __unwindfunclet$??__FgIpManager@@YAXXZ$2 00460720 f    CIL library: CIL module
 0001:0005f725       __ehhandler$??__FgIpManager@@YAXXZ 00460725 f    CIL library: CIL module
 0001:0005f740       __unwindfunclet$??__FgProcessManager@@YAXXZ$0 00460740 f    CIL library: CIL module
 0001:0005f74a       __unwindfunclet$??__FgProcessManager@@YAXXZ$3 0046074a f    CIL library: CIL module
 0001:0005f752       __ehhandler$??__FgProcessManager@@YAXXZ 00460752 f    CIL library: CIL module
 0001:0005f770       ??__EgBlackList@@YAXXZ     00460770 f    CIL library: CIL module
 0001:0005f780       ??__EgClientManager@@YAXXZ 00460780 f    CIL library: CIL module
 0001:0005f7b0       ??__EgHidManager@@YAXXZ    004607b0 f    CIL library: CIL module
 0001:0005f7c0       ??__EgIpManager@@YAXXZ     004607c0 f    CIL library: CIL module
 0001:0005f840       ??__EgLog@@YAXXZ           00460840 f    CIL library: CIL module
 0001:0005f850       ??__EgProcessListInfo@@YAXXZ 00460850 f    CIL library: CIL module
 0001:0005f860       ??__EgProcessManager@@YAXXZ 00460860 f    CIL library: CIL module
 0001:0005f880       ??__EgProtection@@YAXXZ    00460880 f    CIL library: CIL module
 0001:0005f8a0       ??__EgReadFiles@@YAXXZ     004608a0 f    CIL library: CIL module
 0001:0005f8b0       ??__EgRESTfulAPI@@YAXXZ    004608b0 f    CIL library: CIL module
 0001:0005f8c0       ??__EgScreenShot@@YAXXZ    004608c0 f    CIL library: CIL module
 0001:0005f8e0       ??__EgScreenShow@@YAXXZ    004608e0 f    CIL library: CIL module
 0001:0005f900       ??__EgServerDisplayer@@YAXXZ 00460900 f    CIL library: CIL module
 0001:0005f920       ??__EgSocketManager@@YAXXZ 00460920 f    CIL library: CIL module
 0001:0005f940       ??__EgWatchList@@YAXXZ     00460940 f    CIL library: CIL module
 0001:0005f94c       ??__E_Fac_tidy_reg@std@@YAXXZ 0046094c f   msvcprt:locale0_implib.obj
 0001:0005f958       ??__E?s_initGDIPlus@CImage@ATL@@0VCInitGDIPlus@12@A@@YAXXZ 00460958 f   atls:atlimage2.obj
 0001:0005f96e       ??__E?s_cache@CImage@ATL@@0VCDCCache@12@A@@YAXXZ 0046096e f   atls:atlimage.obj
 0001:0005f989       ??__Eg_strheap@ATL@@YAXXZ  00460989 f   atls:atlstr.obj
 0001:0005f9b1       ??__Eg_strmgr@ATL@@YAXXZ   004609b1 f   atls:atlstr.obj
 0001:0005f9bd       ??__E_AtlBaseModule@ATL@@YAXXZ 004609bd f   atls:atlbase.obj
 0001:0005f9e0       ??__FgBlackList@@YAXXZ     004609e0 f    CIL library: CIL module
 0001:0005fa30       ??__FgClientManager@@YAXXZ 00460a30 f    CIL library: CIL module
 0001:0005fa50       ??__FgHidManager@@YAXXZ    00460a50 f    CIL library: CIL module
 0001:0005fa90       ??__FgIpManager@@YAXXZ     00460a90 f    CIL library: CIL module
 0001:0005faf0       ??__FgLog@@YAXXZ           00460af0 f    CIL library: CIL module
 0001:0005fb00       ??__FgProcessListInfo@@YAXXZ 00460b00 f    CIL library: CIL module
 0001:0005fb40       ??__FgProcessManager@@YAXXZ 00460b40 f    CIL library: CIL module
 0001:0005fbd0       ??__FgProtection@@YAXXZ    00460bd0 f    CIL library: CIL module
 0001:0005fbe0       ??__FgReadFiles@@YAXXZ     00460be0 f    CIL library: CIL module
 0001:0005fbf0       ??__FgRESTfulAPI@@YAXXZ    00460bf0 f    CIL library: CIL module
 0001:0005fc20       ??__FgScreenShot@@YAXXZ    00460c20 f    CIL library: CIL module
 0001:0005fc70       ??__FgScreenShow@@YAXXZ    00460c70 f    CIL library: CIL module
 0001:0005fcd0       ??__FgServerDisplayer@@YAXXZ 00460cd0 f    CIL library: CIL module
 0001:0005fd20       ??__FgSocketManager@@YAXXZ 00460d20 f    CIL library: CIL module
 0001:0005fd30       ??__FgWatchList@@YAXXZ     00460d30 f    CIL library: CIL module
 0001:0005fd89       ??__F_Fac_tidy_reg@std@@YAXXZ 00460d89 f   msvcprt:locale0_implib.obj
 0001:0005fd93       ??__F?s_initGDIPlus@CImage@ATL@@0VCInitGDIPlus@12@A@@YAXXZ 00460d93 f   atls:atlimage2.obj
 0001:0005fda9       ??__F?s_cache@CImage@ATL@@0VCDCCache@12@A@@YAXXZ 00460da9 f   atls:atlimage.obj
 0001:0005fdb3       ??__Fg_strheap@ATL@@YAXXZ  00460db3 f   atls:atlstr.obj
 0001:0005fdbd       ??__Fg_strmgr@ATL@@YAXXZ   00460dbd f   atls:atlstr.obj
 0001:0005fdc8       ??__F_AtlBaseModule@ATL@@YAXXZ 00460dc8 f   atls:atlbase.obj
